Archive member included because of file (symbol)

/Users/imac/Downloads/gcc-arm-none-eabi-4_9-2015q2/bin/../lib/gcc/arm-none-eabi/4.9.3/../../../../arm-none-eabi/lib/armv7e-m/libm.a(lib_a-s_cos.o)
                              bin/imu_cf2.o (cos)
/Users/imac/Downloads/gcc-arm-none-eabi-4_9-2015q2/bin/../lib/gcc/arm-none-eabi/4.9.3/../../../../arm-none-eabi/lib/armv7e-m/libm.a(lib_a-s_sin.o)
                              bin/imu_cf2.o (sin)
/Users/imac/Downloads/gcc-arm-none-eabi-4_9-2015q2/bin/../lib/gcc/arm-none-eabi/4.9.3/../../../../arm-none-eabi/lib/armv7e-m/libm.a(lib_a-s_tan.o)
                              bin/imu_cf2.o (tan)
/Users/imac/Downloads/gcc-arm-none-eabi-4_9-2015q2/bin/../lib/gcc/arm-none-eabi/4.9.3/../../../../arm-none-eabi/lib/armv7e-m/libm.a(lib_a-w_asin.o)
                              bin/sensfusion6.o (asin)
/Users/imac/Downloads/gcc-arm-none-eabi-4_9-2015q2/bin/../lib/gcc/arm-none-eabi/4.9.3/../../../../arm-none-eabi/lib/armv7e-m/libm.a(lib_a-w_atan2.o)
                              bin/sensfusion6.o (atan2)
/Users/imac/Downloads/gcc-arm-none-eabi-4_9-2015q2/bin/../lib/gcc/arm-none-eabi/4.9.3/../../../../arm-none-eabi/lib/armv7e-m/libm.a(lib_a-w_pow.o)
                              bin/lps25h.o (pow)
/Users/imac/Downloads/gcc-arm-none-eabi-4_9-2015q2/bin/../lib/gcc/arm-none-eabi/4.9.3/../../../../arm-none-eabi/lib/armv7e-m/libm.a(lib_a-w_sqrt.o)
                              bin/imu_cf2.o (sqrt)
/Users/imac/Downloads/gcc-arm-none-eabi-4_9-2015q2/bin/../lib/gcc/arm-none-eabi/4.9.3/../../../../arm-none-eabi/lib/armv7e-m/libm.a(lib_a-e_asin.o)
                              /Users/imac/Downloads/gcc-arm-none-eabi-4_9-2015q2/bin/../lib/gcc/arm-none-eabi/4.9.3/../../../../arm-none-eabi/lib/armv7e-m/libm.a(lib_a-w_asin.o) (__ieee754_asin)
/Users/imac/Downloads/gcc-arm-none-eabi-4_9-2015q2/bin/../lib/gcc/arm-none-eabi/4.9.3/../../../../arm-none-eabi/lib/armv7e-m/libm.a(lib_a-e_atan2.o)
                              /Users/imac/Downloads/gcc-arm-none-eabi-4_9-2015q2/bin/../lib/gcc/arm-none-eabi/4.9.3/../../../../arm-none-eabi/lib/armv7e-m/libm.a(lib_a-w_atan2.o) (__ieee754_atan2)
/Users/imac/Downloads/gcc-arm-none-eabi-4_9-2015q2/bin/../lib/gcc/arm-none-eabi/4.9.3/../../../../arm-none-eabi/lib/armv7e-m/libm.a(lib_a-e_pow.o)
                              /Users/imac/Downloads/gcc-arm-none-eabi-4_9-2015q2/bin/../lib/gcc/arm-none-eabi/4.9.3/../../../../arm-none-eabi/lib/armv7e-m/libm.a(lib_a-w_pow.o) (__ieee754_pow)
/Users/imac/Downloads/gcc-arm-none-eabi-4_9-2015q2/bin/../lib/gcc/arm-none-eabi/4.9.3/../../../../arm-none-eabi/lib/armv7e-m/libm.a(lib_a-e_rem_pio2.o)
                              /Users/imac/Downloads/gcc-arm-none-eabi-4_9-2015q2/bin/../lib/gcc/arm-none-eabi/4.9.3/../../../../arm-none-eabi/lib/armv7e-m/libm.a(lib_a-s_cos.o) (__ieee754_rem_pio2)
/Users/imac/Downloads/gcc-arm-none-eabi-4_9-2015q2/bin/../lib/gcc/arm-none-eabi/4.9.3/../../../../arm-none-eabi/lib/armv7e-m/libm.a(lib_a-e_sqrt.o)
                              /Users/imac/Downloads/gcc-arm-none-eabi-4_9-2015q2/bin/../lib/gcc/arm-none-eabi/4.9.3/../../../../arm-none-eabi/lib/armv7e-m/libm.a(lib_a-w_sqrt.o) (__ieee754_sqrt)
/Users/imac/Downloads/gcc-arm-none-eabi-4_9-2015q2/bin/../lib/gcc/arm-none-eabi/4.9.3/../../../../arm-none-eabi/lib/armv7e-m/libm.a(lib_a-k_cos.o)
                              /Users/imac/Downloads/gcc-arm-none-eabi-4_9-2015q2/bin/../lib/gcc/arm-none-eabi/4.9.3/../../../../arm-none-eabi/lib/armv7e-m/libm.a(lib_a-s_cos.o) (__kernel_cos)
/Users/imac/Downloads/gcc-arm-none-eabi-4_9-2015q2/bin/../lib/gcc/arm-none-eabi/4.9.3/../../../../arm-none-eabi/lib/armv7e-m/libm.a(lib_a-k_rem_pio2.o)
                              /Users/imac/Downloads/gcc-arm-none-eabi-4_9-2015q2/bin/../lib/gcc/arm-none-eabi/4.9.3/../../../../arm-none-eabi/lib/armv7e-m/libm.a(lib_a-e_rem_pio2.o) (__kernel_rem_pio2)
/Users/imac/Downloads/gcc-arm-none-eabi-4_9-2015q2/bin/../lib/gcc/arm-none-eabi/4.9.3/../../../../arm-none-eabi/lib/armv7e-m/libm.a(lib_a-k_sin.o)
                              /Users/imac/Downloads/gcc-arm-none-eabi-4_9-2015q2/bin/../lib/gcc/arm-none-eabi/4.9.3/../../../../arm-none-eabi/lib/armv7e-m/libm.a(lib_a-s_cos.o) (__kernel_sin)
/Users/imac/Downloads/gcc-arm-none-eabi-4_9-2015q2/bin/../lib/gcc/arm-none-eabi/4.9.3/../../../../arm-none-eabi/lib/armv7e-m/libm.a(lib_a-k_tan.o)
                              /Users/imac/Downloads/gcc-arm-none-eabi-4_9-2015q2/bin/../lib/gcc/arm-none-eabi/4.9.3/../../../../arm-none-eabi/lib/armv7e-m/libm.a(lib_a-s_tan.o) (__kernel_tan)
/Users/imac/Downloads/gcc-arm-none-eabi-4_9-2015q2/bin/../lib/gcc/arm-none-eabi/4.9.3/../../../../arm-none-eabi/lib/armv7e-m/libm.a(lib_a-s_atan.o)
                              /Users/imac/Downloads/gcc-arm-none-eabi-4_9-2015q2/bin/../lib/gcc/arm-none-eabi/4.9.3/../../../../arm-none-eabi/lib/armv7e-m/libm.a(lib_a-e_atan2.o) (atan)
[...]
Memory Configuration

Name             Origin             Length             Attributes
RAM              0x0000000020000000 0x0000000000020000 xrw
FLASH            0x0000000008004000 0x00000000000fc000 xr
FLASHPATCH       0x0000000000000000 0x0000000000000000 r
ENDFLASH         0x0000000000000000 0x0000000000000000 xr
FLASHB1          0x0000000000000000 0x0000000000000000 xr
EXTMEMB0         0x0000000000000000 0x0000000000000000 xr
EXTMEMB1         0x0000000000000000 0x0000000000000000 xr
EXTMEMB2         0x0000000000000000 0x0000000000000000 xr
EXTMEMB3         0x0000000000000000 0x0000000000000000 xr
*default*        0x0000000000000000 0xffffffffffffffff

Linker script and memory map

LOAD /Users/imac/Downloads/gcc-arm-none-eabi-4_9-2015q2/bin/../lib/gcc/arm-none-eabi/4.9.3/armv7e-m/crti.o
LOAD /Users/imac/Downloads/gcc-arm-none-eabi-4_9-2015q2/bin/../lib/gcc/arm-none-eabi/4.9.3/armv7e-m/crtbegin.o
LOAD /Users/imac/Downloads/gcc-arm-none-eabi-4_9-2015q2/bin/../lib/gcc/arm-none-eabi/4.9.3/../../../../arm-none-eabi/lib/armv7e-m/crt0.o
LOAD bin/startup_stm32f40xx.o
LOAD bin/system_stm32f4xx.o
LOAD bin/list.o
LOAD bin/tasks.o
LOAD bin/queue.o
LOAD bin/timers.o
LOAD bin/heap_4.o
LOAD bin/port.o
LOAD bin/stm32f4xx_adc.o
LOAD bin/stm32f4xx_dbgmcu.o
LOAD bin/stm32f4xx_dma.o
LOAD bin/stm32f4xx_exti.o
LOAD bin/stm32f4xx_flash.o
LOAD bin/stm32f4xx_gpio.o
LOAD bin/stm32f4xx_i2c.o
LOAD bin/stm32f4xx_iwdg.o
LOAD bin/stm32f4xx_rcc.o
LOAD bin/stm32f4xx_spi.o
LOAD bin/stm32f4xx_tim.o
LOAD bin/stm32f4xx_usart.o
LOAD bin/stm32f4xx_misc.o
LOAD bin/stm32f4xx_syscfg.o
LOAD bin/cpal_hal.o
LOAD bin/cpal_i2c.o
LOAD bin/cpal_usercallback_template.o
LOAD bin/cpal_i2c_hal_stm32f4xx.o
LOAD bin/usb_core.o
LOAD bin/usb_dcd_int.o
LOAD bin/usb_dcd.o
LOAD bin/usbd_ioreq.o
LOAD bin/usbd_req.o
LOAD bin/usbd_core.o
LOAD bin/main.o
LOAD bin/platform_cf2.o
LOAD bin/led.o
LOAD bin/exti.o
LOAD bin/nvic.o
LOAD bin/mpu6500.o
LOAD bin/motors_f405.o
LOAD bin/i2cdev_f405.o
LOAD bin/ws2812.o
LOAD bin/lps25h.o
LOAD bin/ak8963.o
LOAD bin/eeprom.o
LOAD bin/uart_syslink.o
LOAD bin/swd.o
LOAD bin/usbd_usr.o
LOAD bin/usb_bsp.o
LOAD bin/usblink.o
LOAD bin/usbd_desc.o
LOAD bin/usb.o
LOAD bin/crtp.o
LOAD bin/ledseq.o
LOAD bin/freeRTOSdebug.o
LOAD bin/syslink.o
LOAD bin/imu_cf2.o
LOAD bin/pm_f405.o
LOAD bin/radiolink.o
LOAD bin/ow.o
LOAD bin/system.o
LOAD bin/comm.o
LOAD bin/console.o
LOAD bin/pid.o
LOAD bin/crtpservice.o
LOAD bin/param.o
LOAD bin/mem.o
LOAD bin/platformservice.o
LOAD bin/commander.o
LOAD bin/controller.o
LOAD bin/sensfusion6.o
LOAD bin/stabilizer.o
LOAD bin/log.o
LOAD bin/worker.o
LOAD bin/neopixelring.o
LOAD bin/expbrd.o
LOAD bin/uart_sonar.o
LOAD bin/sonar.o
LOAD bin/exptest.o
LOAD bin/filter.o
LOAD bin/cpuid.o
LOAD bin/cfassert.o
LOAD bin/configblockeeprom.o
LOAD bin/eprintf.o
LOAD bin/crc.o
LOAD bin/fp16.o
LOAD bin/debug.o
LOAD bin/version.o
LOAD /Users/imac/Downloads/gcc-arm-none-eabi-4_9-2015q2/bin/../lib/gcc/arm-none-eabi/4.9.3/../../../../arm-none-eabi/lib/armv7e-m/libm.a
START GROUP
LOAD /Users/imac/Downloads/gcc-arm-none-eabi-4_9-2015q2/bin/../lib/gcc/arm-none-eabi/4.9.3/armv7e-m/libgcc.a
LOAD /Users/imac/Downloads/gcc-arm-none-eabi-4_9-2015q2/bin/../lib/gcc/arm-none-eabi/4.9.3/../../../../arm-none-eabi/lib/armv7e-m/libc.a
END GROUP
LOAD /Users/imac/Downloads/gcc-arm-none-eabi-4_9-2015q2/bin/../lib/gcc/arm-none-eabi/4.9.3/armv7e-m/crtend.o
LOAD /Users/imac/Downloads/gcc-arm-none-eabi-4_9-2015q2/bin/../lib/gcc/arm-none-eabi/4.9.3/armv7e-m/crtn.o
                0x0000000000000400                __Stack_Size = 0x400
                0x0000000000000400                PROVIDE (_Stack_Size, __Stack_Size)
                0x000000002001fbff                __Stack_Init = (_estack - __Stack_Size)
                0x000000002001fbff                PROVIDE (_Stack_Init, __Stack_Init)
                0x0000000000000100                _Minimum_Stack_Size = 0x100
                0x0000000000000000                PROVIDE (Undefined_Handler, 0x0)
                0x0000000000000000                PROVIDE (SWI_Handler, 0x0)
                0x0000000000000000                PROVIDE (IRQ_Handler, 0x0)
                0x0000000000000000                PROVIDE (Prefetch_Handler, 0x0)
                0x0000000000000000                PROVIDE (Abort_Handler, 0x0)
                0x0000000000000000                PROVIDE (FIQ_Handler, 0x0)
                0x0000000000000000                PROVIDE (NMIException, 0x0)
                0x0000000000000000                PROVIDE (NMI_Handler, 0x0)
                0x0000000000000000                PROVIDE (HardFaultException, 0x0)
                0x0000000000000000                PROVIDE (HardFault_Handler, 0x0)
                0x0000000000000000                PROVIDE (MemManageException, 0x0)
                0x0000000000000000                PROVIDE (MemManage_Handler, 0x0)
                0x0000000000000000                PROVIDE (BusFaultException, 0x0)
                0x0000000000000000                PROVIDE (BusFault_Handler, 0x0)
                0x0000000000000000                PROVIDE (UsageFaultException, 0x0)
                0x0000000000000000                PROVIDE (UsageFault_Handler, 0x0)
                0x0000000000000000                PROVIDE (SVCHandler, 0x0)
                0x0000000000000000                PROVIDE (SVC_Handler, 0x0)
                0x0000000000000000                PROVIDE (DebugMonitor, 0x0)
                0x0000000000000000                PROVIDE (DebugMon_Handler, 0x0)
                0x0000000000000000                PROVIDE (PendSVC, 0x0)
                0x0000000000000000                PROVIDE (PendSV_Handler, 0x0)
                0x0000000000000000                PROVIDE (SysTickHandler, 0x0)
                0x0000000000000000                PROVIDE (SysTick_Handler, 0x0)
                0x0000000000000000                PROVIDE (WWDG_IRQHandler, 0x0)
                0x0000000000000000                PROVIDE (PVD_IRQHandler, 0x0)
                0x0000000000000000                PROVIDE (TAMPER_IRQHandler, 0x0)
                0x0000000000000000                PROVIDE (RTC_IRQHandler, 0x0)
                0x0000000000000000                PROVIDE (FLASH_IRQHandler, 0x0)
                0x0000000000000000                PROVIDE (RCC_IRQHandler, 0x0)
                0x0000000000000000                PROVIDE (EXTI0_IRQHandler, 0x0)
                0x0000000000000000                PROVIDE (EXTI1_IRQHandler, 0x0)
                0x0000000000000000                PROVIDE (EXTI2_IRQHandler, 0x0)
                0x0000000000000000                PROVIDE (EXTI3_IRQHandler, 0x0)
                0x0000000000000000                PROVIDE (EXTI4_IRQHandler, 0x0)
                0x0000000000000000                PROVIDE (DMAChannel1_IRQHandler, 0x0)
                0x0000000000000000                PROVIDE (DMAChannel2_IRQHandler, 0x0)
                0x0000000000000000                PROVIDE (DMAChannel3_IRQHandler, 0x0)
                0x0000000000000000                PROVIDE (DMAChannel4_IRQHandler, 0x0)
                0x0000000000000000                PROVIDE (DMAChannel5_IRQHandler, 0x0)
                0x0000000000000000                PROVIDE (DMAChannel6_IRQHandler, 0x0)
                0x0000000000000000                PROVIDE (DMAChannel7_IRQHandler, 0x0)
                0x0000000000000000                PROVIDE (DMA1_Channel1_IRQHandler, 0x0)
                0x0000000000000000                PROVIDE (DMA1_Channel2_IRQHandler, 0x0)
                0x0000000000000000                PROVIDE (DMA1_Channel3_IRQHandler, 0x0)
                0x0000000000000000                PROVIDE (DMA1_Channel4_IRQHandler, 0x0)
                0x0000000000000000                PROVIDE (DMA1_Channel5_IRQHandler, 0x0)
                0x0000000000000000                PROVIDE (DMA1_Channel6_IRQHandler, 0x0)
                0x0000000000000000                PROVIDE (DMA1_Channel7_IRQHandler, 0x0)
                0x0000000000000000                PROVIDE (ADC_IRQHandler, 0x0)
                0x0000000000000000                PROVIDE (ADC1_2_IRQHandler, 0x0)
                0x0000000000000000                PROVIDE (USB_HP_CAN_TX_IRQHandler, 0x0)
                0x0000000000000000                PROVIDE (USB_HP_CAN1_TX_IRQHandler, 0x0)
                0x0000000000000000                PROVIDE (USB_LP_CAN_RX0_IRQHandler, 0x0)
                0x0000000000000000                PROVIDE (USB_LP_CAN1_RX0_IRQHandler, 0x0)
                0x0000000000000000                PROVIDE (CAN_RX1_IRQHandler, 0x0)
                0x0000000000000000                PROVIDE (CAN1_RX1_IRQHandler, 0x0)
                0x0000000000000000                PROVIDE (CAN_SCE_IRQHandler, 0x0)
                0x0000000000000000                PROVIDE (CAN1_SCE_IRQHandler, 0x0)
                0x0000000000000000                PROVIDE (EXTI9_5_IRQHandler, 0x0)
                0x0000000000000000                PROVIDE (TIM1_BRK_IRQHandler, 0x0)
                0x0000000000000000                PROVIDE (TIM1_UP_IRQHandler, 0x0)
                0x0000000000000000                PROVIDE (TIM1_TRG_COM_IRQHandler, 0x0)
                0x0000000000000000                PROVIDE (TIM1_CC_IRQHandler, 0x0)
                0x0000000000000000                PROVIDE (TIM2_IRQHandler, 0x0)
                0x0000000000000000                PROVIDE (TIM3_IRQHandler, 0x0)
                0x0000000000000000                PROVIDE (TIM4_IRQHandler, 0x0)
                0x0000000000000000                PROVIDE (I2C1_EV_IRQHandler, 0x0)
                0x0000000000000000                PROVIDE (I2C1_ER_IRQHandler, 0x0)
                0x0000000000000000                PROVIDE (I2C2_EV_IRQHandler, 0x0)
                0x0000000000000000                PROVIDE (I2C2_ER_IRQHandler, 0x0)
                0x0000000000000000                PROVIDE (SPI1_IRQHandler, 0x0)
                0x0000000000000000                PROVIDE (SPI2_IRQHandler, 0x0)
                0x0000000000000000                PROVIDE (USART1_IRQHandler, 0x0)
                0x0000000000000000                PROVIDE (USART2_IRQHandler, 0x0)
                0x0000000000000000                PROVIDE (USART3_IRQHandler, 0x0)
                0x0000000000000000                PROVIDE (EXTI15_10_IRQHandler, 0x0)
                0x0000000000000000                PROVIDE (RTCAlarm_IRQHandler, 0x0)
                0x0000000000000000                PROVIDE (USBWakeUp_IRQHandler, 0x0)
                0x0000000000000000                PROVIDE (TIM8_BRK_IRQHandler, 0x0)
                0x0000000000000000                PROVIDE (TIM8_UP_IRQHandler, 0x0)
                0x0000000000000000                PROVIDE (TIM8_TRG_COM_IRQHandler, 0x0)
                0x0000000000000000                PROVIDE (TIM8_CC_IRQHandler, 0x0)
                0x0000000000000000                PROVIDE (ADC3_IRQHandler, 0x0)
                0x0000000000000000                PROVIDE (FSMC_IRQHandler, 0x0)
                0x0000000000000000                PROVIDE (SDIO_IRQHandler, 0x0)
                0x0000000000000000                PROVIDE (TIM5_IRQHandler, 0x0)
                0x0000000000000000                PROVIDE (SPI3_IRQHandler, 0x0)
                0x0000000000000000                PROVIDE (UART4_IRQHandler, 0x0)
                0x0000000000000000                PROVIDE (UART5_IRQHandler, 0x0)
                0x0000000000000000                PROVIDE (TIM6_IRQHandler, 0x0)
                0x0000000000000000                PROVIDE (TIM7_IRQHandler, 0x0)
                0x0000000000000000                PROVIDE (DMA2_Channel1_IRQHandler, 0x0)
                0x0000000000000000                PROVIDE (DMA2_Channel2_IRQHandler, 0x0)
                0x0000000000000000                PROVIDE (DMA2_Channel3_IRQHandler, 0x0)
                0x0000000000000000                PROVIDE (DMA2_Channel4_5_IRQHandler, 0x0)
                0x0000000042000000                PERIPH_BB_BASE = 0x42000000
                0x0000000022000000                SRAM_BB_BASE = 0x22000000
                0x0000000020000000                SRAM_BASE = 0x20000000
                0x0000000040000000                PERIPH_BASE = 0x40000000
                0x0000000040022000                PROVIDE (FLASH_BASE, 0x40022000)
                0x000000001ffff800                PROVIDE (OB_BASE, 0x1ffff800)
                0x0000000040000000                APB1PERIPH_BASE = PERIPH_BASE
                0x0000000040010000                APB2PERIPH_BASE = (PERIPH_BASE + 0x10000)
                0x0000000040020000                AHBPERIPH_BASE = (PERIPH_BASE + 0x20000)
                0x0000000040000000                PROVIDE (TIM2, (APB1PERIPH_BASE + 0x0))
                0x0000000040000400                PROVIDE (TIM3, (APB1PERIPH_BASE + 0x400))
                0x0000000040000800                PROVIDE (TIM4, (APB1PERIPH_BASE + 0x800))
                0x0000000040002800                PROVIDE (RTC, (APB1PERIPH_BASE + 0x2800))
                0x0000000040002c00                PROVIDE (WWDG, (APB1PERIPH_BASE + 0x2c00))
                0x0000000040003000                PROVIDE (IWDG, (APB1PERIPH_BASE + 0x3000))
                0x0000000040003800                PROVIDE (SPI2, (APB1PERIPH_BASE + 0x3800))
                0x0000000040004400                PROVIDE (USART2, (APB1PERIPH_BASE + 0x4400))
                0x0000000040004800                PROVIDE (USART3, (APB1PERIPH_BASE + 0x4800))
                0x0000000040005400                PROVIDE (I2C1, (APB1PERIPH_BASE + 0x5400))
                0x0000000040005800                PROVIDE (I2C2, (APB1PERIPH_BASE + 0x5800))
                0x0000000040006400                PROVIDE (CAN, (APB1PERIPH_BASE + 0x6400))
                0x0000000040006c00                PROVIDE (BKP, (APB1PERIPH_BASE + 0x6c00))
                0x0000000040007000                PROVIDE (PWR, (APB1PERIPH_BASE + 0x7000))
                0x0000000040010000                PROVIDE (AFIO, (APB2PERIPH_BASE + 0x0))
                0x0000000040010400                PROVIDE (EXTI, (APB2PERIPH_BASE + 0x400))
                0x0000000040010800                PROVIDE (GPIOA, (APB2PERIPH_BASE + 0x800))
                0x0000000040010c00                PROVIDE (GPIOB, (APB2PERIPH_BASE + 0xc00))
                0x0000000040011000                PROVIDE (GPIOC, (APB2PERIPH_BASE + 0x1000))
                0x0000000040011400                PROVIDE (GPIOD, (APB2PERIPH_BASE + 0x1400))
                0x0000000040011800                PROVIDE (GPIOE, (APB2PERIPH_BASE + 0x1800))
                0x0000000040012400                PROVIDE (ADC1, (APB2PERIPH_BASE + 0x2400))
                0x0000000040012800                PROVIDE (ADC2, (APB2PERIPH_BASE + 0x2800))
                0x0000000040012c00                PROVIDE (TIM1, (APB2PERIPH_BASE + 0x2c00))
                0x0000000040013000                PROVIDE (SPI1, (APB2PERIPH_BASE + 0x3000))
                0x0000000040013800                PROVIDE (USART1, (APB2PERIPH_BASE + 0x3800))
                0x0000000040020000                PROVIDE (DMA, (AHBPERIPH_BASE + 0x0))
                0x0000000040020008                PROVIDE (DMA_Channel1, (AHBPERIPH_BASE + 0x8))
                0x000000004002001c                PROVIDE (DMA_Channel2, (AHBPERIPH_BASE + 0x1c))
                0x0000000040020030                PROVIDE (DMA_Channel3, (AHBPERIPH_BASE + 0x30))
                0x0000000040020044                PROVIDE (DMA_Channel4, (AHBPERIPH_BASE + 0x44))
                0x0000000040020058                PROVIDE (DMA_Channel5, (AHBPERIPH_BASE + 0x58))
                0x000000004002006c                PROVIDE (DMA_Channel6, (AHBPERIPH_BASE + 0x6c))
                0x0000000040020080                PROVIDE (DMA_Channel7, (AHBPERIPH_BASE + 0x80))
                0x0000000040021000                PROVIDE (RCC, (AHBPERIPH_BASE + 0x1000))
                0x00000000e000e000                SCS_BASE = 0xe000e000
                0x00000000e000e010                PROVIDE (SysTick, (SCS_BASE + 0x10))
                0x00000000e000e100                PROVIDE (NVIC, (SCS_BASE + 0x100))
                0x00000000e000ed00                PROVIDE (SCB, (SCS_BASE + 0xd00))
                0x000000002001ffff                _estack = 0x2001ffff

.isr_vector     0x0000000008004000      0x188
                0x0000000008004000                . = ALIGN (0x4)
 *(.isr_vector)
 .isr_vector    0x0000000008004000      0x188 bin/startup_stm32f40xx.o
                0x0000000008004000                g_pfnVectors
                0x0000000008004188                . = ALIGN (0x4)

.flashtext      0x0000000008004188        0x0
                0x0000000008004188                . = ALIGN (0x4)
 *(.flashtext)
                0x0000000008004188                . = ALIGN (0x4)

.text           0x00000000080041a0    0x1284c
                0x00000000080041a0                . = ALIGN (0x4)
 *(.text)
 .text          0x00000000080041a0      0x370 /Users/imac/Downloads/gcc-arm-none-eabi-4_9-2015q2/bin/../lib/gcc/arm-none-eabi/4.9.3/armv7e-m/libgcc.a(_arm_addsubdf3.o)
                0x00000000080041a0                __aeabi_drsub
                0x00000000080041a8                __subdf3
                0x00000000080041a8                __aeabi_dsub
                0x00000000080041ac                __aeabi_dadd
                0x00000000080041ac                __adddf3
                0x0000000008004424                __aeabi_ui2d
                0x0000000008004424                __floatunsidf
                0x0000000008004444                __floatsidf
                0x0000000008004444                __aeabi_i2d
                0x0000000008004468                __extendsfdf2
                0x0000000008004468                __aeabi_f2d
                0x00000000080044a4                __aeabi_ul2d
                0x00000000080044a4                __floatundidf
                0x00000000080044b4                __aeabi_l2d
                0x00000000080044b4                __floatdidf
 .text          0x0000000008004510      0x424 /Users/imac/Downloads/gcc-arm-none-eabi-4_9-2015q2/bin/../lib/gcc/arm-none-eabi/4.9.3/armv7e-m/libgcc.a(_arm_muldivdf3.o)
                0x0000000008004510                __aeabi_dmul
                0x0000000008004510                __muldf3
                0x0000000008004764                __aeabi_ddiv
                0x0000000008004764                __divdf3
 .text          0x0000000008004934      0x110 /Users/imac/Downloads/gcc-arm-none-eabi-4_9-2015q2/bin/../lib/gcc/arm-none-eabi/4.9.3/armv7e-m/libgcc.a(_arm_cmpdf2.o)
                0x0000000008004934                __gtdf2
                0x0000000008004934                __gedf2
                0x000000000800493c                __ltdf2
                0x000000000800493c                __ledf2
                0x0000000008004944                __eqdf2
                0x0000000008004944                __nedf2
                0x0000000008004944                __cmpdf2
                0x00000000080049c0                __aeabi_cdrcmple
                0x00000000080049d0                __aeabi_cdcmple
                0x00000000080049d0                __aeabi_cdcmpeq
                0x00000000080049e0                __aeabi_dcmpeq
                0x00000000080049f4                __aeabi_dcmplt
                0x0000000008004a08                __aeabi_dcmple
                0x0000000008004a1c                __aeabi_dcmpge
                0x0000000008004a30                __aeabi_dcmpgt
 .text          0x0000000008004a44       0x50 /Users/imac/Downloads/gcc-arm-none-eabi-4_9-2015q2/bin/../lib/gcc/arm-none-eabi/4.9.3/armv7e-m/libgcc.a(_arm_fixdfsi.o)
                0x0000000008004a44                __fixdfsi
                0x0000000008004a44                __aeabi_d2iz
 .text          0x0000000008004a94       0xa0 /Users/imac/Downloads/gcc-arm-none-eabi-4_9-2015q2/bin/../lib/gcc/arm-none-eabi/4.9.3/armv7e-m/libgcc.a(_arm_truncdfsf2.o)
                0x0000000008004a94                __aeabi_d2f
                0x0000000008004a94                __truncdfsf2
 .text          0x0000000008004b34      0x21c /Users/imac/Downloads/gcc-arm-none-eabi-4_9-2015q2/bin/../lib/gcc/arm-none-eabi/4.9.3/armv7e-m/libgcc.a(_arm_addsubsf3.o)
                0x0000000008004b34                __aeabi_frsub
                0x0000000008004b3c                __aeabi_fsub
                0x0000000008004b3c                __subsf3
                0x0000000008004b40                __aeabi_fadd
                0x0000000008004b40                __addsf3
                0x0000000008004ca0                __aeabi_ui2f
                0x0000000008004ca0                __floatunsisf
                0x0000000008004ca8                __floatsisf
                0x0000000008004ca8                __aeabi_i2f
                0x0000000008004cc4                __aeabi_ul2f
                0x0000000008004cc4                __floatundisf
                0x0000000008004cd4                __aeabi_l2f
                0x0000000008004cd4                __floatdisf
 .text          0x0000000008004d50      0x2a0 /Users/imac/Downloads/gcc-arm-none-eabi-4_9-2015q2/bin/../lib/gcc/arm-none-eabi/4.9.3/armv7e-m/libgcc.a(_arm_muldivsf3.o)
                0x0000000008004d50                __mulsf3
                0x0000000008004d50                __aeabi_fmul
                0x0000000008004eb8                __divsf3
                0x0000000008004eb8                __aeabi_fdiv
 .text          0x0000000008004ff0       0xec /Users/imac/Downloads/gcc-arm-none-eabi-4_9-2015q2/bin/../lib/gcc/arm-none-eabi/4.9.3/armv7e-m/libgcc.a(_arm_cmpsf2.o)
                0x0000000008004ff0                __gesf2
                0x0000000008004ff0                __gtsf2
                0x0000000008004ff8                __ltsf2
                0x0000000008004ff8                __lesf2
                0x0000000008005000                __nesf2
                0x0000000008005000                __eqsf2
                0x0000000008005000                __cmpsf2
                0x0000000008005060                __aeabi_cfrcmple
                0x0000000008005068                __aeabi_cfcmpeq
                0x0000000008005068                __aeabi_cfcmple
                0x0000000008005078                __aeabi_fcmpeq
                0x000000000800508c                __aeabi_fcmplt
                0x00000000080050a0                __aeabi_fcmple
                0x00000000080050b4                __aeabi_fcmpge
                0x00000000080050c8                __aeabi_fcmpgt
 .text          0x00000000080050dc       0x4c /Users/imac/Downloads/gcc-arm-none-eabi-4_9-2015q2/bin/../lib/gcc/arm-none-eabi/4.9.3/armv7e-m/libgcc.a(_arm_fixsfsi.o)
                0x00000000080050dc                __fixsfsi
                0x00000000080050dc                __aeabi_f2iz
 .text          0x0000000008005128       0x40 /Users/imac/Downloads/gcc-arm-none-eabi-4_9-2015q2/bin/../lib/gcc/arm-none-eabi/4.9.3/armv7e-m/libgcc.a(_arm_fixunssfsi.o)
                0x0000000008005128                __aeabi_f2uiz
                0x0000000008005128                __fixunssfsi
 .text          0x0000000008005168       0x38 /Users/imac/Downloads/gcc-arm-none-eabi-4_9-2015q2/bin/../lib/gcc/arm-none-eabi/4.9.3/armv7e-m/libgcc.a(_aeabi_ldivmod.o)
                0x0000000008005168                __aeabi_ldivmod
 .text          0x00000000080051a0       0x60 /Users/imac/Downloads/gcc-arm-none-eabi-4_9-2015q2/bin/../lib/gcc/arm-none-eabi/4.9.3/armv7e-m/libgcc.a(bpabi.o)
                0x00000000080051a0                __gnu_ldivmod_helper
                0x00000000080051d0                __gnu_uldivmod_helper
 .text          0x0000000008005200        0x4 /Users/imac/Downloads/gcc-arm-none-eabi-4_9-2015q2/bin/../lib/gcc/arm-none-eabi/4.9.3/armv7e-m/libgcc.a(_dvmd_tls.o)
                0x0000000008005200                __aeabi_ldiv0
                0x0000000008005200                __aeabi_idiv0
 .text          0x0000000008005204      0x29c /Users/imac/Downloads/gcc-arm-none-eabi-4_9-2015q2/bin/../lib/gcc/arm-none-eabi/4.9.3/armv7e-m/libgcc.a(_divdi3.o)
                0x0000000008005204                __divdi3
 .text          0x00000000080054a0      0x26c /Users/imac/Downloads/gcc-arm-none-eabi-4_9-2015q2/bin/../lib/gcc/arm-none-eabi/4.9.3/armv7e-m/libgcc.a(_udivdi3.o)
                0x00000000080054a0                __udivdi3
 .text          0x000000000800570c      0x134 /Users/imac/Downloads/gcc-arm-none-eabi-4_9-2015q2/bin/../lib/gcc/arm-none-eabi/4.9.3/../../../../arm-none-eabi/lib/armv7e-m/libc.a(lib_a-memcpy.o)
                0x000000000800570c                memcpy
 .text          0x0000000008005840      0x2dc /Users/imac/Downloads/gcc-arm-none-eabi-4_9-2015q2/bin/../lib/gcc/arm-none-eabi/4.9.3/../../../../arm-none-eabi/lib/armv7e-m/libc.a(lib_a-strcmp.o)
                0x0000000008005848                strcmp
 *(.text.*)
 .text.Reset_Handler
                0x0000000008005b1c       0x4c bin/startup_stm32f40xx.o
                0x0000000008005b1c                Reset_Handler
 .text.Default_Handler
                0x0000000008005b68        0x4 bin/startup_stm32f40xx.o
                0x0000000008005b68                DMA1_Stream3_IRQHandler
                0x0000000008005b68                HASH_RNG_IRQHandler
                0x0000000008005b68                EXTI2_IRQHandler
                0x0000000008005b68                TIM8_CC_IRQHandler
                0x0000000008005b68                TIM1_CC_IRQHandler
                0x0000000008005b68                DMA2_Stream5_IRQHandler
                0x0000000008005b68                PVD_IRQHandler
                0x0000000008005b68                SDIO_IRQHandler
                0x0000000008005b68                TAMP_STAMP_IRQHandler
                0x0000000008005b68                CAN2_RX1_IRQHandler
                0x0000000008005b68                EXTI3_IRQHandler
                0x0000000008005b68                TIM8_TRG_COM_TIM14_IRQHandler
                0x0000000008005b68                TIM1_UP_TIM10_IRQHandler
                0x0000000008005b68                TIM8_UP_TIM13_IRQHandler
                0x0000000008005b68                EXTI0_IRQHandler
                0x0000000008005b68                I2C2_EV_IRQHandler
                0x0000000008005b68                CAN1_RX0_IRQHandler
                0x0000000008005b68                FPU_IRQHandler
                0x0000000008005b68                OTG_HS_WKUP_IRQHandler
                0x0000000008005b68                CAN2_SCE_IRQHandler
                0x0000000008005b68                DMA2_Stream2_IRQHandler
                0x0000000008005b68                SPI1_IRQHandler
                0x0000000008005b68                TIM6_DAC_IRQHandler
                0x0000000008005b68                TIM1_BRK_TIM9_IRQHandler
                0x0000000008005b68                DCMI_IRQHandler
                0x0000000008005b68                CAN2_RX0_IRQHandler
                0x0000000008005b68                DMA2_Stream3_IRQHandler
                0x0000000008005b68                CRYP_IRQHandler
                0x0000000008005b68                CAN1_RX1_IRQHandler
                0x0000000008005b68                UART5_IRQHandler
                0x0000000008005b68                DMA2_Stream0_IRQHandler
                0x0000000008005b68                TIM4_IRQHandler
                0x0000000008005b68                DMA1_Stream1_IRQHandler
                0x0000000008005b68                TIM3_IRQHandler
                0x0000000008005b68                RCC_IRQHandler
                0x0000000008005b68                TIM8_BRK_TIM12_IRQHandler
                0x0000000008005b68                Default_Handler
                0x0000000008005b68                ADC_IRQHandler
                0x0000000008005b68                DMA1_Stream7_IRQHandler
                0x0000000008005b68                TIM7_IRQHandler
                0x0000000008005b68                CAN2_TX_IRQHandler
                0x0000000008005b68                TIM5_IRQHandler
                0x0000000008005b68                EXTI9_5_IRQHandler
                0x0000000008005b68                RTC_WKUP_IRQHandler
                0x0000000008005b68                ETH_WKUP_IRQHandler
                0x0000000008005b68                SPI2_IRQHandler
                0x0000000008005b68                OTG_HS_EP1_IN_IRQHandler
                0x0000000008005b68                CAN1_TX_IRQHandler
                0x0000000008005b68                FSMC_IRQHandler
                0x0000000008005b68                ETH_IRQHandler
                0x0000000008005b68                OTG_HS_EP1_OUT_IRQHandler
                0x0000000008005b68                WWDG_IRQHandler
                0x0000000008005b68                OTG_FS_WKUP_IRQHandler
                0x0000000008005b68                TIM1_TRG_COM_TIM11_IRQHandler
                0x0000000008005b68                OTG_HS_IRQHandler
                0x0000000008005b68                EXTI1_IRQHandler
                0x0000000008005b68                I2C2_ER_IRQHandler
                0x0000000008005b68                DMA2_Stream1_IRQHandler
                0x0000000008005b68                CAN1_SCE_IRQHandler
                0x0000000008005b68                FLASH_IRQHandler
                0x0000000008005b68                DMA2_Stream4_IRQHandler
                0x0000000008005b68                USART1_IRQHandler
                0x0000000008005b68                SPI3_IRQHandler
                0x0000000008005b68                DMA2_Stream6_IRQHandler
                0x0000000008005b68                RTC_Alarm_IRQHandler
 .text.SystemInit
                0x0000000008005b6c       0xdc bin/system_stm32f4xx.o
                0x0000000008005b6c                SystemInit
 .text.vListInitialise
                0x0000000008005c48       0x16 bin/list.o
                0x0000000008005c48                vListInitialise
 .text.vListInitialiseItem
                0x0000000008005c5e        0x6 bin/list.o
                0x0000000008005c5e                vListInitialiseItem
 .text.vListInsertEnd
                0x0000000008005c64       0x1c bin/list.o
                0x0000000008005c64                vListInsertEnd
 .text.vListInsert
                0x0000000008005c80       0x30 bin/list.o
                0x0000000008005c80                vListInsert
 .text.uxListRemove
                0x0000000008005cb0       0x26 bin/list.o
                0x0000000008005cb0                uxListRemove
 .text.prvIdleTask
                0x0000000008005cd6        0x8 bin/tasks.o
 *fill*         0x0000000008005cde        0x2 
 .text.prvAddCurrentTaskToDelayedList
                0x0000000008005ce0       0x50 bin/tasks.o
 .text.debugPrintTCBInfo
                0x0000000008005d30       0x44 bin/tasks.o
                0x0000000008005d30                debugPrintTCBInfo
 .text.xTaskGenericCreate
                0x0000000008005d74      0x214 bin/tasks.o
                0x0000000008005d74                xTaskGenericCreate
 .text.vTaskStartScheduler
                0x0000000008005f88       0x70 bin/tasks.o
                0x0000000008005f88                vTaskStartScheduler
 .text.vTaskSuspendAll
                0x0000000008005ff8       0x10 bin/tasks.o
                0x0000000008005ff8                vTaskSuspendAll
 .text.xTaskGetTickCount
                0x0000000008006008       0x18 bin/tasks.o
                0x0000000008006008                xTaskGetTickCount
 .text.vTaskIncrementTick
                0x0000000008006020       0xf0 bin/tasks.o
                0x0000000008006020                vTaskIncrementTick
 .text.xTaskResumeAll
                0x0000000008006110       0xd8 bin/tasks.o
                0x0000000008006110                xTaskResumeAll
 .text.vTaskDelay
                0x00000000080061e8       0x3c bin/tasks.o
                0x00000000080061e8                vTaskDelay
 .text.vTaskDelayUntil
                0x0000000008006224       0x88 bin/tasks.o
                0x0000000008006224                vTaskDelayUntil
 .text.vTaskSetApplicationTaskTag
                0x00000000080062ac       0x20 bin/tasks.o
                0x00000000080062ac                vTaskSetApplicationTaskTag
 .text.vTaskSwitchContext
                0x00000000080062cc       0x8c bin/tasks.o
                0x00000000080062cc                vTaskSwitchContext
 .text.vTaskPlaceOnEventList
                0x0000000008006358       0x48 bin/tasks.o
                0x0000000008006358                vTaskPlaceOnEventList
 .text.vTaskPlaceOnEventListRestricted
                0x00000000080063a0       0x48 bin/tasks.o
                0x00000000080063a0                vTaskPlaceOnEventListRestricted
 .text.xTaskRemoveFromEventList
                0x00000000080063e8       0x78 bin/tasks.o
                0x00000000080063e8                xTaskRemoveFromEventList
 .text.vTaskSetTimeOutState
                0x0000000008006460       0x30 bin/tasks.o
                0x0000000008006460                vTaskSetTimeOutState
 .text.xTaskCheckForTimeOut
                0x0000000008006490       0x78 bin/tasks.o
                0x0000000008006490                xTaskCheckForTimeOut
 .text.vTaskMissedYield
                0x0000000008006508        0xc bin/tasks.o
                0x0000000008006508                vTaskMissedYield
 .text.xTaskGetCurrentTaskHandle
                0x0000000008006514        0xc bin/tasks.o
                0x0000000008006514                xTaskGetCurrentTaskHandle
 .text.xTaskGetSchedulerState
                0x0000000008006520       0x1c bin/tasks.o
                0x0000000008006520                xTaskGetSchedulerState
 .text.vTaskPriorityInherit
                0x000000000800653c       0x6c bin/tasks.o
                0x000000000800653c                vTaskPriorityInherit
 .text.vTaskPriorityDisinherit
                0x00000000080065a8       0x48 bin/tasks.o
                0x00000000080065a8                vTaskPriorityDisinherit
 .text.prvUnlockQueue
                0x00000000080065f0       0x64 bin/queue.o
 .text.prvCopyDataFromQueue
                0x0000000008006654       0x26 bin/queue.o
 .text.prvCopyDataToQueue
                0x000000000800667a       0x58 bin/queue.o
 *fill*         0x00000000080066d2        0x2 
 .text.xQueueGenericReset
                0x00000000080066d4       0x70 bin/queue.o
                0x00000000080066d4                xQueueGenericReset
 .text.xQueueGenericCreate
                0x0000000008006744       0x50 bin/queue.o
                0x0000000008006744                xQueueGenericCreate
 .text.xQueueGenericSend
                0x0000000008006794      0x100 bin/queue.o
                0x0000000008006794                xQueueGenericSend
 .text.xQueueCreateMutex
                0x0000000008006894       0x5c bin/queue.o
                0x0000000008006894                xQueueCreateMutex
 .text.xQueueGenericSendFromISR
                0x00000000080068f0       0x88 bin/queue.o
                0x00000000080068f0                xQueueGenericSendFromISR
 .text.xQueueGenericReceive
                0x0000000008006978      0x134 bin/queue.o
                0x0000000008006978                xQueueGenericReceive
 .text.xQueueReceiveFromISR
                0x0000000008006aac       0x84 bin/queue.o
                0x0000000008006aac                xQueueReceiveFromISR
 .text.uxQueueMessagesWaiting
                0x0000000008006b30       0x28 bin/queue.o
                0x0000000008006b30                uxQueueMessagesWaiting
 .text.vQueueWaitForMessageRestricted
                0x0000000008006b58       0x3a bin/queue.o
                0x0000000008006b58                vQueueWaitForMessageRestricted
 *fill*         0x0000000008006b92        0x2 
 .text.prvCheckForValidListAndQueue
                0x0000000008006b94       0x4c bin/timers.o
 .text.prvInsertTimerInActiveList
                0x0000000008006be0       0x3c bin/timers.o
 .text.xTimerCreateTimerTask
                0x0000000008006c1c       0x48 bin/timers.o
                0x0000000008006c1c                xTimerCreateTimerTask
 .text.xTimerCreate
                0x0000000008006c64       0x4c bin/timers.o
                0x0000000008006c64                xTimerCreate
 .text.xTimerGenericCommand
                0x0000000008006cb0       0x44 bin/timers.o
                0x0000000008006cb0                xTimerGenericCommand
 .text.prvSwitchTimerLists.isra.1
                0x0000000008006cf4       0x78 bin/timers.o
 .text.prvTimerTask
                0x0000000008006d6c      0x174 bin/timers.o
 .text.pvTimerGetTimerID
                0x0000000008006ee0        0x4 bin/timers.o
                0x0000000008006ee0                pvTimerGetTimerID
 .text.prvInsertBlockIntoFreeList
                0x0000000008006ee4       0x4c bin/heap_4.o
 .text.pvPortMalloc
                0x0000000008006f30       0xb8 bin/heap_4.o
                0x0000000008006f30                pvPortMalloc
 .text.vPortFree
                0x0000000008006fe8       0x2c bin/heap_4.o
                0x0000000008006fe8                vPortFree
 .text.xPortGetFreeHeapSize
                0x0000000008007014        0xc bin/heap_4.o
                0x0000000008007014                xPortGetFreeHeapSize
 .text.prvPortStartFirstTask
                0x0000000008007020       0x14 bin/port.o
 .text.pxPortInitialiseStack
                0x0000000008007034       0x16 bin/port.o
                0x0000000008007034                pxPortInitialiseStack
 *fill*         0x000000000800704a        0x2 
 .text.SVC_Handler
                0x000000000800704c       0x20 bin/port.o
                0x000000000800704c                SVC_Handler
 .text.vPortYieldFromISR
                0x000000000800706c       0x10 bin/port.o
                0x000000000800706c                vPortYieldFromISR
 .text.ulPortSetInterruptMask
                0x000000000800707c       0x10 bin/port.o
                0x000000000800707c                ulPortSetInterruptMask
 .text.vPortEnterCritical
                0x000000000800708c       0x14 bin/port.o
                0x000000000800708c                vPortEnterCritical
 .text.vPortClearInterruptMask
                0x00000000080070a0        0x6 bin/port.o
                0x00000000080070a0                vPortClearInterruptMask
 *fill*         0x00000000080070a6        0x2 
 .text.vPortExitCritical
                0x00000000080070a8       0x14 bin/port.o
                0x00000000080070a8                vPortExitCritical
 .text.PendSV_Handler
                0x00000000080070bc       0x3c bin/port.o
                0x00000000080070bc                PendSV_Handler
 .text.tickFreeRTOS
                0x00000000080070f8       0x20 bin/port.o
                0x00000000080070f8                tickFreeRTOS
 .text.vPortSetupTimerInterrupt
                0x0000000008007118       0x18 bin/port.o
                0x0000000008007118                vPortSetupTimerInterrupt
 .text.xPortStartScheduler
                0x0000000008007130       0x30 bin/port.o
                0x0000000008007130                xPortStartScheduler
 .text.DBGMCU_APB2PeriphConfig
                0x0000000008007160       0x18 bin/stm32f4xx_dbgmcu.o
                0x0000000008007160                DBGMCU_APB2PeriphConfig
 .text.DMA_DeInit
                0x0000000008007178      0x10c bin/stm32f4xx_dma.o
                0x0000000008007178                DMA_DeInit
 .text.DMA_Init
                0x0000000008007284       0x54 bin/stm32f4xx_dma.o
                0x0000000008007284                DMA_Init
 .text.DMA_Cmd  0x00000000080072d8       0x12 bin/stm32f4xx_dma.o
                0x00000000080072d8                DMA_Cmd
 .text.DMA_SetCurrDataCounter
                0x00000000080072ea        0x4 bin/stm32f4xx_dma.o
                0x00000000080072ea                DMA_SetCurrDataCounter
 .text.DMA_GetCurrDataCounter
                0x00000000080072ee        0x6 bin/stm32f4xx_dma.o
                0x00000000080072ee                DMA_GetCurrDataCounter
 .text.DMA_GetCmdStatus
                0x00000000080072f4        0x8 bin/stm32f4xx_dma.o
                0x00000000080072f4                DMA_GetCmdStatus
 .text.DMA_ITConfig
                0x00000000080072fc       0x3e bin/stm32f4xx_dma.o
                0x00000000080072fc                DMA_ITConfig
 *fill*         0x000000000800733a        0x2 
 .text.DMA_GetITStatus
                0x000000000800733c       0x54 bin/stm32f4xx_dma.o
                0x000000000800733c                DMA_GetITStatus
 .text.DMA_ClearITPendingBit
                0x0000000008007390       0x30 bin/stm32f4xx_dma.o
                0x0000000008007390                DMA_ClearITPendingBit
 .text.EXTI_Init
                0x00000000080073c0       0x88 bin/stm32f4xx_exti.o
                0x00000000080073c0                EXTI_Init
 .text.EXTI_ClearFlag
                0x0000000008007448        0xc bin/stm32f4xx_exti.o
                0x0000000008007448                EXTI_ClearFlag
 .text.EXTI_GetITStatus
                0x0000000008007454       0x14 bin/stm32f4xx_exti.o
                0x0000000008007454                EXTI_GetITStatus
 .text.EXTI_ClearITPendingBit
                0x0000000008007468        0xc bin/stm32f4xx_exti.o
                0x0000000008007468                EXTI_ClearITPendingBit
 .text.GPIO_Init
                0x0000000008007474       0x78 bin/stm32f4xx_gpio.o
                0x0000000008007474                GPIO_Init
 .text.GPIO_ReadInputDataBit
                0x00000000080074ec        0xc bin/stm32f4xx_gpio.o
                0x00000000080074ec                GPIO_ReadInputDataBit
 .text.GPIO_SetBits
                0x00000000080074f8        0x4 bin/stm32f4xx_gpio.o
                0x00000000080074f8                GPIO_SetBits
 .text.GPIO_ResetBits
                0x00000000080074fc        0x4 bin/stm32f4xx_gpio.o
                0x00000000080074fc                GPIO_ResetBits
 .text.GPIO_PinAFConfig
                0x0000000008007500       0x2e bin/stm32f4xx_gpio.o
                0x0000000008007500                GPIO_PinAFConfig
 *fill*         0x000000000800752e        0x2 
 .text.I2C_Init
                0x0000000008007530       0xd4 bin/stm32f4xx_i2c.o
                0x0000000008007530                I2C_Init
 .text.RCC_GetClocksFreq
                0x0000000008007604       0x8c bin/stm32f4xx_rcc.o
                0x0000000008007604                RCC_GetClocksFreq
 .text.RCC_AHB1PeriphClockCmd
                0x0000000008007690       0x18 bin/stm32f4xx_rcc.o
                0x0000000008007690                RCC_AHB1PeriphClockCmd
 .text.RCC_AHB2PeriphClockCmd
                0x00000000080076a8       0x18 bin/stm32f4xx_rcc.o
                0x00000000080076a8                RCC_AHB2PeriphClockCmd
 .text.RCC_APB1PeriphClockCmd
                0x00000000080076c0       0x18 bin/stm32f4xx_rcc.o
                0x00000000080076c0                RCC_APB1PeriphClockCmd
 .text.RCC_APB2PeriphClockCmd
                0x00000000080076d8       0x18 bin/stm32f4xx_rcc.o
                0x00000000080076d8                RCC_APB2PeriphClockCmd
 .text.RCC_APB1PeriphResetCmd
                0x00000000080076f0       0x18 bin/stm32f4xx_rcc.o
                0x00000000080076f0                RCC_APB1PeriphResetCmd
 .text.TIM_TimeBaseInit
                0x0000000008007708       0x7c bin/stm32f4xx_tim.o
                0x0000000008007708                TIM_TimeBaseInit
 .text.TIM_Cmd  0x0000000008007784       0x18 bin/stm32f4xx_tim.o
                0x0000000008007784                TIM_Cmd
 .text.TIM_OC1Init
                0x000000000800779c       0x70 bin/stm32f4xx_tim.o
                0x000000000800779c                TIM_OC1Init
 .text.TIM_OC2Init
                0x000000000800780c       0x88 bin/stm32f4xx_tim.o
                0x000000000800780c                TIM_OC2Init
 .text.TIM_OC4Init
                0x0000000008007894       0x68 bin/stm32f4xx_tim.o
                0x0000000008007894                TIM_OC4Init
 .text.TIM_SetCompare1
                0x00000000080078fc        0x4 bin/stm32f4xx_tim.o
                0x00000000080078fc                TIM_SetCompare1
 .text.TIM_SetCompare2
                0x0000000008007900        0x4 bin/stm32f4xx_tim.o
                0x0000000008007900                TIM_SetCompare2
 .text.TIM_SetCompare4
                0x0000000008007904        0x4 bin/stm32f4xx_tim.o
                0x0000000008007904                TIM_SetCompare4
 .text.TIM_OC1PreloadConfig
                0x0000000008007908       0x10 bin/stm32f4xx_tim.o
                0x0000000008007908                TIM_OC1PreloadConfig
 .text.TIM_OC2PreloadConfig
                0x0000000008007918       0x14 bin/stm32f4xx_tim.o
                0x0000000008007918                TIM_OC2PreloadConfig
 .text.TIM_OC4PreloadConfig
                0x000000000800792c       0x14 bin/stm32f4xx_tim.o
                0x000000000800792c                TIM_OC4PreloadConfig
 .text.TIM_CtrlPWMOutputs
                0x0000000008007940       0x1c bin/stm32f4xx_tim.o
                0x0000000008007940                TIM_CtrlPWMOutputs
 .text.TIM_DMACmd
                0x000000000800795c       0x12 bin/stm32f4xx_tim.o
                0x000000000800795c                TIM_DMACmd
 *fill*         0x000000000800796e        0x2 
 .text.USART_Init
                0x0000000008007970       0xb8 bin/stm32f4xx_usart.o
                0x0000000008007970                USART_Init
 .text.USART_Cmd
                0x0000000008007a28       0x18 bin/stm32f4xx_usart.o
                0x0000000008007a28                USART_Cmd
 .text.USART_SendData
                0x0000000008007a40        0x8 bin/stm32f4xx_usart.o
                0x0000000008007a40                USART_SendData
 .text.USART_ReceiveData
                0x0000000008007a48        0x8 bin/stm32f4xx_usart.o
                0x0000000008007a48                USART_ReceiveData
 .text.USART_DMACmd
                0x0000000008007a50       0x12 bin/stm32f4xx_usart.o
                0x0000000008007a50                USART_DMACmd
 .text.USART_ITConfig
                0x0000000008007a62       0x34 bin/stm32f4xx_usart.o
                0x0000000008007a62                USART_ITConfig
 .text.USART_ClearFlag
                0x0000000008007a96        0x8 bin/stm32f4xx_usart.o
                0x0000000008007a96                USART_ClearFlag
 .text.USART_GetITStatus
                0x0000000008007a9e       0x40 bin/stm32f4xx_usart.o
                0x0000000008007a9e                USART_GetITStatus
 .text.USART_ClearITPendingBit
                0x0000000008007ade       0x10 bin/stm32f4xx_usart.o
                0x0000000008007ade                USART_ClearITPendingBit
 *fill*         0x0000000008007aee        0x2 
 .text.NVIC_PriorityGroupConfig
                0x0000000008007af0       0x14 bin/stm32f4xx_misc.o
                0x0000000008007af0                NVIC_PriorityGroupConfig
 .text.NVIC_Init
                0x0000000008007b04       0x6c bin/stm32f4xx_misc.o
                0x0000000008007b04                NVIC_Init
 .text.SYSCFG_EXTILineConfig
                0x0000000008007b70       0x34 bin/stm32f4xx_syscfg.o
                0x0000000008007b70                SYSCFG_EXTILineConfig
 .text.CPAL_HAL_NVICInit
                0x0000000008007ba4        0x8 bin/cpal_hal.o
                0x0000000008007ba4                CPAL_HAL_NVICInit
 .text.CPAL_I2C_Timeout
                0x0000000008007bac       0x12 bin/cpal_i2c.o
 *fill*         0x0000000008007bbe        0x2 
 .text.CPAL_I2C_Init
                0x0000000008007bc0      0x108 bin/cpal_i2c.o
                0x0000000008007bc0                CPAL_I2C_Init
 .text.CPAL_I2C_StructInit
                0x0000000008007cc8       0x48 bin/cpal_i2c.o
                0x0000000008007cc8                CPAL_I2C_StructInit
 .text.CPAL_I2C_ER_IRQHandler
                0x0000000008007d10      0x11c bin/cpal_i2c.o
                0x0000000008007d10                CPAL_I2C_ER_IRQHandler
 .text.CPAL_I2C_DMA_TX_IRQHandler
                0x0000000008007e2c      0x1a4 bin/cpal_i2c.o
                0x0000000008007e2c                CPAL_I2C_DMA_TX_IRQHandler
 .text.CPAL_I2C_DMA_RX_IRQHandler
                0x0000000008007fd0      0x17c bin/cpal_i2c.o
                0x0000000008007fd0                CPAL_I2C_DMA_RX_IRQHandler
 .text.tickI2C  0x000000000800814c       0x4c bin/cpal_i2c.o
                0x000000000800814c                tickI2C
 .text.CPAL_I2C_Enable_DMA_IT
                0x0000000008008198       0xcc bin/cpal_i2c.o
                0x0000000008008198                CPAL_I2C_Enable_DMA_IT
 .text.CPAL_I2C_EV_IRQHandler
                0x0000000008008264      0x5b4 bin/cpal_i2c.o
                0x0000000008008264                CPAL_I2C_EV_IRQHandler
 .text.CPAL_I2C_Read
                0x0000000008008818      0x268 bin/cpal_i2c.o
                0x0000000008008818                CPAL_I2C_Read
 .text.CPAL_I2C_Write
                0x0000000008008a80       0xb4 bin/cpal_i2c.o
                0x0000000008008a80                CPAL_I2C_Write
 .text.CPAL_TIMEOUT_UserCallback
                0x0000000008008b34        0x4 bin/cpal_usercallback_template.o
                0x0000000008008b34                CPAL_TIMEOUT_UserCallback
 .text.CPAL_I2C_HAL_CLKInit
                0x0000000008008b38       0x28 bin/cpal_i2c_hal_stm32f4xx.o
                0x0000000008008b38                CPAL_I2C_HAL_CLKInit
 .text.CPAL_I2C_HAL_CLKDeInit
                0x0000000008008b60       0x28 bin/cpal_i2c_hal_stm32f4xx.o
                0x0000000008008b60                CPAL_I2C_HAL_CLKDeInit
 .text.CPAL_I2C_HAL_GPIOInit
                0x0000000008008b88       0xbc bin/cpal_i2c_hal_stm32f4xx.o
                0x0000000008008b88                CPAL_I2C_HAL_GPIOInit
 .text.CPAL_I2C_HAL_GPIODeInit
                0x0000000008008c44       0x50 bin/cpal_i2c_hal_stm32f4xx.o
                0x0000000008008c44                CPAL_I2C_HAL_GPIODeInit
 .text.CPAL_I2C_HAL_DMAInit
                0x0000000008008c94       0x8c bin/cpal_i2c_hal_stm32f4xx.o
                0x0000000008008c94                CPAL_I2C_HAL_DMAInit
 .text.CPAL_I2C_HAL_DMATXConfig
                0x0000000008008d20       0x4c bin/cpal_i2c_hal_stm32f4xx.o
                0x0000000008008d20                CPAL_I2C_HAL_DMATXConfig
 .text.CPAL_I2C_HAL_DMARXConfig
                0x0000000008008d6c       0x4c bin/cpal_i2c_hal_stm32f4xx.o
                0x0000000008008d6c                CPAL_I2C_HAL_DMARXConfig
 .text.CPAL_I2C_HAL_DMADeInit
                0x0000000008008db8       0x30 bin/cpal_i2c_hal_stm32f4xx.o
                0x0000000008008db8                CPAL_I2C_HAL_DMADeInit
 .text.CPAL_I2C_HAL_ITInit
                0x0000000008008de8      0x140 bin/cpal_i2c_hal_stm32f4xx.o
                0x0000000008008de8                CPAL_I2C_HAL_ITInit
 .text.I2C1_EV_IRQHandler
                0x0000000008008f28        0xc bin/cpal_i2c_hal_stm32f4xx.o
                0x0000000008008f28                I2C1_EV_IRQHandler
 .text.I2C1_ER_IRQHandler
                0x0000000008008f34       0x10 bin/cpal_i2c_hal_stm32f4xx.o
                0x0000000008008f34                I2C1_ER_IRQHandler
 .text.DMA1_Stream6_IRQHandler
                0x0000000008008f44        0xc bin/cpal_i2c_hal_stm32f4xx.o
                0x0000000008008f44                DMA1_Stream6_IRQHandler
 .text.DMA1_Stream0_IRQHandler
                0x0000000008008f50        0xc bin/cpal_i2c_hal_stm32f4xx.o
                0x0000000008008f50                DMA1_Stream0_IRQHandler
 .text.I2C3_EV_IRQHandler
                0x0000000008008f5c        0xc bin/cpal_i2c_hal_stm32f4xx.o
                0x0000000008008f5c                I2C3_EV_IRQHandler
 .text.I2C3_ER_IRQHandler
                0x0000000008008f68       0x10 bin/cpal_i2c_hal_stm32f4xx.o
                0x0000000008008f68                I2C3_ER_IRQHandler
 .text.DMA1_Stream4_IRQHandler
                0x0000000008008f78        0xc bin/cpal_i2c_hal_stm32f4xx.o
                0x0000000008008f78                DMA1_Stream4_IRQHandler
 .text.DMA1_Stream2_IRQHandler
                0x0000000008008f84        0xc bin/cpal_i2c_hal_stm32f4xx.o
                0x0000000008008f84                DMA1_Stream2_IRQHandler
 .text.USB_OTG_CoreReset.isra.1
                0x0000000008008f90       0x50 bin/usb_core.o
 .text.USB_OTG_WritePacket
                0x0000000008008fe0       0x26 bin/usb_core.o
                0x0000000008008fe0                USB_OTG_WritePacket
 .text.USB_OTG_ReadPacket
                0x0000000008009006       0x20 bin/usb_core.o
                0x0000000008009006                USB_OTG_ReadPacket
 *fill*         0x0000000008009026        0x2 
 .text.USB_OTG_SelectCore
                0x0000000008009028       0xcc bin/usb_core.o
                0x0000000008009028                USB_OTG_SelectCore
 .text.USB_OTG_CoreInit
                0x00000000080090f4       0x92 bin/usb_core.o
                0x00000000080090f4                USB_OTG_CoreInit
 .text.USB_OTG_EnableGlobalInt
                0x0000000008009186        0xe bin/usb_core.o
                0x0000000008009186                USB_OTG_EnableGlobalInt
 .text.USB_OTG_DisableGlobalInt
                0x0000000008009194        0xe bin/usb_core.o
                0x0000000008009194                USB_OTG_DisableGlobalInt
 *fill*         0x00000000080091a2        0x2 
 .text.USB_OTG_FlushTxFifo
                0x00000000080091a4       0x48 bin/usb_core.o
                0x00000000080091a4                USB_OTG_FlushTxFifo
 .text.USB_OTG_FlushRxFifo
                0x00000000080091ec       0x38 bin/usb_core.o
                0x00000000080091ec                USB_OTG_FlushRxFifo
 .text.USB_OTG_SetCurrentMode
                0x0000000008009224       0x2a bin/usb_core.o
                0x0000000008009224                USB_OTG_SetCurrentMode
 .text.USB_OTG_IsDeviceMode
                0x000000000800924e        0xe bin/usb_core.o
                0x000000000800924e                USB_OTG_IsDeviceMode
 .text.USB_OTG_ReadCoreItr
                0x000000000800925c        0xa bin/usb_core.o
                0x000000000800925c                USB_OTG_ReadCoreItr
 .text.USB_OTG_InitDevSpeed
                0x0000000008009266        0xc bin/usb_core.o
                0x0000000008009266                USB_OTG_InitDevSpeed
 *fill*         0x0000000008009272        0x2 
 .text.USB_OTG_EnableDevInt
                0x0000000008009274       0x48 bin/usb_core.o
                0x0000000008009274                USB_OTG_EnableDevInt
 .text.USB_OTG_CoreInitDev
                0x00000000080092bc      0x114 bin/usb_core.o
                0x00000000080092bc                USB_OTG_CoreInitDev
 .text.USB_OTG_GetDeviceSpeed
                0x00000000080093d0       0x20 bin/usb_core.o
                0x00000000080093d0                USB_OTG_GetDeviceSpeed
 .text.USB_OTG_EP0Activate
                0x00000000080093f0       0x2a bin/usb_core.o
                0x00000000080093f0                USB_OTG_EP0Activate
 .text.USB_OTG_EPActivate
                0x000000000800941a       0x5e bin/usb_core.o
                0x000000000800941a                USB_OTG_EPActivate
 .text.USB_OTG_EPDeactivate
                0x0000000008009478       0x46 bin/usb_core.o
                0x0000000008009478                USB_OTG_EPDeactivate
 .text.USB_OTG_EPStartXfer
                0x00000000080094be      0x108 bin/usb_core.o
                0x00000000080094be                USB_OTG_EPStartXfer
 .text.USB_OTG_EP0StartXfer
                0x00000000080095c6       0xde bin/usb_core.o
                0x00000000080095c6                USB_OTG_EP0StartXfer
 .text.USB_OTG_EPSetStall
                0x00000000080096a4       0x28 bin/usb_core.o
                0x00000000080096a4                USB_OTG_EPSetStall
 .text.USB_OTG_EPClearStall
                0x00000000080096cc       0x2a bin/usb_core.o
                0x00000000080096cc                USB_OTG_EPClearStall
 .text.USB_OTG_ReadDevAllOutEp_itr
                0x00000000080096f6        0xc bin/usb_core.o
                0x00000000080096f6                USB_OTG_ReadDevAllOutEp_itr
 .text.USB_OTG_ReadDevOutEP_itr
                0x0000000008009702       0x10 bin/usb_core.o
                0x0000000008009702                USB_OTG_ReadDevOutEP_itr
 .text.USB_OTG_ReadDevAllInEPItr
                0x0000000008009712        0xc bin/usb_core.o
                0x0000000008009712                USB_OTG_ReadDevAllInEPItr
 .text.USB_OTG_EP0_OutStart
                0x000000000800971e       0x42 bin/usb_core.o
                0x000000000800971e                USB_OTG_EP0_OutStart
 .text.USBD_OTG_ISR_Handler
                0x0000000008009760      0x46c bin/usb_dcd_int.o
                0x0000000008009760                USBD_OTG_ISR_Handler
 .text.DCD_Init
                0x0000000008009bcc       0x9e bin/usb_dcd.o
                0x0000000008009bcc                DCD_Init
 .text.DCD_EP_Open
                0x0000000008009c6a       0x42 bin/usb_dcd.o
                0x0000000008009c6a                DCD_EP_Open
 .text.DCD_EP_Close
                0x0000000008009cac       0x30 bin/usb_dcd.o
                0x0000000008009cac                DCD_EP_Close
 .text.DCD_EP_PrepareRx
                0x0000000008009cdc       0x4e bin/usb_dcd.o
                0x0000000008009cdc                DCD_EP_PrepareRx
 .text.DCD_EP_Tx
                0x0000000008009d2a       0x40 bin/usb_dcd.o
                0x0000000008009d2a                DCD_EP_Tx
 .text.DCD_EP_Stall
                0x0000000008009d6a       0x34 bin/usb_dcd.o
                0x0000000008009d6a                DCD_EP_Stall
 .text.DCD_EP_ClrStall
                0x0000000008009d9e       0x34 bin/usb_dcd.o
                0x0000000008009d9e                DCD_EP_ClrStall
 .text.DCD_EP_SetAddress
                0x0000000008009dd2       0x12 bin/usb_dcd.o
                0x0000000008009dd2                DCD_EP_SetAddress
 .text.USBD_CtlSendData
                0x0000000008009de4       0x22 bin/usbd_ioreq.o
                0x0000000008009de4                USBD_CtlSendData
 .text.USBD_CtlContinueSendData
                0x0000000008009e06       0x12 bin/usbd_ioreq.o
                0x0000000008009e06                USBD_CtlContinueSendData
 .text.USBD_CtlContinueRx
                0x0000000008009e18       0x12 bin/usbd_ioreq.o
                0x0000000008009e18                USBD_CtlContinueRx
 .text.USBD_CtlSendStatus
                0x0000000008009e2a       0x1e bin/usbd_ioreq.o
                0x0000000008009e2a                USBD_CtlSendStatus
 .text.USBD_CtlReceiveStatus
                0x0000000008009e48       0x1e bin/usbd_ioreq.o
                0x0000000008009e48                USBD_CtlReceiveStatus
 .text.USBD_ParseSetupRequest
                0x0000000008009e66       0x44 bin/usbd_req.o
                0x0000000008009e66                USBD_ParseSetupRequest
 .text.USBD_CtlError
                0x0000000008009eaa       0x1c bin/usbd_req.o
                0x0000000008009eaa                USBD_CtlError
 *fill*         0x0000000008009ec6        0x2 
 .text.USBD_StdDevReq
                0x0000000008009ec8      0x258 bin/usbd_req.o
                0x0000000008009ec8                USBD_StdDevReq
 .text.USBD_StdItfReq
                0x000000000800a120       0x30 bin/usbd_req.o
                0x000000000800a120                USBD_StdItfReq
 .text.USBD_StdEPReq
                0x000000000800a150       0xc0 bin/usbd_req.o
                0x000000000800a150                USBD_StdEPReq
 .text.USBD_GetString
                0x000000000800a210       0x3a bin/usbd_req.o
                0x000000000800a210                USBD_GetString
 .text.USBD_Resume
                0x000000000800a24a       0x16 bin/usbd_core.o
 .text.USBD_Suspend
                0x000000000800a260       0x1c bin/usbd_core.o
 .text.USBD_SOF
                0x000000000800a27c       0x10 bin/usbd_core.o
 .text.USBD_IsoINIncomplete
                0x000000000800a28c        0xe bin/usbd_core.o
 .text.USBD_IsoOUTIncomplete
                0x000000000800a29a        0xe bin/usbd_core.o
 .text.USBD_Reset
                0x000000000800a2a8       0x2e bin/usbd_core.o
 .text.USBD_SetupStage
                0x000000000800a2d6       0x4a bin/usbd_core.o
 .text.USBD_DataInStage
                0x000000000800a320       0xb8 bin/usbd_core.o
 .text.USBD_DataOutStage
                0x000000000800a3d8       0x76 bin/usbd_core.o
 .text.USBD_Init
                0x000000000800a44e       0x38 bin/usbd_core.o
                0x000000000800a44e                USBD_Init
 .text.USBD_SetCfg
                0x000000000800a486       0x18 bin/usbd_core.o
                0x000000000800a486                USBD_SetCfg
 .text.USBD_ClrCfg
                0x000000000800a49e        0xe bin/usbd_core.o
                0x000000000800a49e                USBD_ClrCfg
 .text.startup.main
                0x000000000800a4ac       0x24 bin/main.o
                0x000000000800a4ac                main
 .text.platformInit
                0x000000000800a4d0        0xa bin/platform_cf2.o
                0x000000000800a4d0                platformInit
 *fill*         0x000000000800a4da        0x2 
 .text.ledSet.part.0
                0x000000000800a4dc       0x38 bin/led.o
 .text.ledSet   0x000000000800a514        0xa bin/led.o
                0x000000000800a514                ledSet
 *fill*         0x000000000800a51e        0x2 
 .text.ledInit  0x000000000800a520       0x58 bin/led.o
                0x000000000800a520                ledInit
 .text.ledClearAll
                0x000000000800a578       0x14 bin/led.o
                0x000000000800a578                ledClearAll
 .text.ledTest  0x000000000800a58c       0x64 bin/led.o
                0x000000000800a58c                ledTest
 .text.extiInterruptHandler
                0x000000000800a5f0       0x1c bin/exti.o
                0x000000000800a5f0                extiInterruptHandler
 .text.nvicInit
                0x000000000800a60c        0x8 bin/nvic.o
                0x000000000800a60c                nvicInit
 .text.SysTick_Handler
                0x000000000800a614        0xe bin/nvic.o
                0x000000000800a614                SysTick_Handler
 .text.NMI_Handler
                0x000000000800a622        0x2 bin/nvic.o
                0x000000000800a622                NMI_Handler
 .text.HardFault_Handler
                0x000000000800a624       0x14 bin/nvic.o
                0x000000000800a624                HardFault_Handler
 .text.printHardFault
                0x000000000800a638      0x104 bin/nvic.o
                0x000000000800a638                printHardFault
 .text.MemManage_Handler
                0x000000000800a73c        0x2 bin/nvic.o
                0x000000000800a73c                MemManage_Handler
 .text.BusFault_Handler
                0x000000000800a73e        0x2 bin/nvic.o
                0x000000000800a73e                BusFault_Handler
 .text.UsageFault_Handler
                0x000000000800a740        0x2 bin/nvic.o
                0x000000000800a740                UsageFault_Handler
 .text.DebugMon_Handler
                0x000000000800a742        0x2 bin/nvic.o
                0x000000000800a742                DebugMon_Handler
 .text.TIM2_IRQHandler
                0x000000000800a744        0x2 bin/nvic.o
                0x000000000800a744                TIM2_IRQHandler
 .text.DMA1_Stream5_IRQHandler
                0x000000000800a746        0x4 bin/nvic.o
                0x000000000800a746                DMA1_Stream5_IRQHandler
 .text.DMA2_Stream7_IRQHandler
                0x000000000800a74a        0x4 bin/nvic.o
                0x000000000800a74a                DMA2_Stream7_IRQHandler
 .text.EXTI15_10_IRQHandler
                0x000000000800a74e        0xe bin/nvic.o
                0x000000000800a74e                EXTI15_10_IRQHandler
 .text.EXTI4_IRQHandler
                0x000000000800a75c        0x4 bin/nvic.o
                0x000000000800a75c                EXTI4_IRQHandler
 .text.USART2_IRQHandler
                0x000000000800a760        0x4 bin/nvic.o
                0x000000000800a760                USART2_IRQHandler
 .text.UART4_IRQHandler
                0x000000000800a764        0x4 bin/nvic.o
                0x000000000800a764                UART4_IRQHandler
 .text.USART6_IRQHandler
                0x000000000800a768        0x4 bin/nvic.o
                0x000000000800a768                USART6_IRQHandler
 .text.USART3_IRQHandler
                0x000000000800a76c        0x4 bin/nvic.o
                0x000000000800a76c                USART3_IRQHandler
 .text.OTG_FS_IRQHandler
                0x000000000800a770        0xc bin/nvic.o
                0x000000000800a770                OTG_FS_IRQHandler
 .text.mpu6500Init
                0x000000000800a77c       0x24 bin/mpu6500.o
                0x000000000800a77c                mpu6500Init
 .text.mpu6500EvaluateSelfTest
                0x000000000800a7a0       0x5c bin/mpu6500.o
                0x000000000800a7a0                mpu6500EvaluateSelfTest
 .text.mpu6500SelfTest
                0x000000000800a7fc      0x488 bin/mpu6500.o
                0x000000000800a7fc                mpu6500SelfTest
 .text.mpu6500SetRate
                0x000000000800ac84       0x18 bin/mpu6500.o
                0x000000000800ac84                mpu6500SetRate
 .text.mpu6500SetDLPFMode
                0x000000000800ac9c       0x28 bin/mpu6500.o
                0x000000000800ac9c                mpu6500SetDLPFMode
 .text.mpu6500SetFullScaleGyroRange
                0x000000000800acc4       0x28 bin/mpu6500.o
                0x000000000800acc4                mpu6500SetFullScaleGyroRange
 .text.mpu6500SetFullScaleAccelRange
                0x000000000800acec       0x28 bin/mpu6500.o
                0x000000000800acec                mpu6500SetFullScaleAccelRange
 .text.mpu6500SetI2CBypassEnabled
                0x000000000800ad14       0x24 bin/mpu6500.o
                0x000000000800ad14                mpu6500SetI2CBypassEnabled
 .text.mpu6500SetIntEnabled
                0x000000000800ad38       0x18 bin/mpu6500.o
                0x000000000800ad38                mpu6500SetIntEnabled
 .text.mpu6500GetMotion6
                0x000000000800ad50       0x74 bin/mpu6500.o
                0x000000000800ad50                mpu6500GetMotion6
 .text.mpu6500Reset
                0x000000000800adc4       0x24 bin/mpu6500.o
                0x000000000800adc4                mpu6500Reset
 .text.mpu6500SetSleepEnabled
                0x000000000800ade8       0x24 bin/mpu6500.o
                0x000000000800ade8                mpu6500SetSleepEnabled
 .text.mpu6500SetTempSensorEnabled
                0x000000000800ae0c       0x28 bin/mpu6500.o
                0x000000000800ae0c                mpu6500SetTempSensorEnabled
 .text.mpu6500SetClockSource
                0x000000000800ae34       0x28 bin/mpu6500.o
                0x000000000800ae34                mpu6500SetClockSource
 .text.mpu6500GetDeviceID
                0x000000000800ae5c       0x2c bin/mpu6500.o
                0x000000000800ae5c                mpu6500GetDeviceID
 .text.mpu6500TestConnection
                0x000000000800ae88       0x10 bin/mpu6500.o
                0x000000000800ae88                mpu6500TestConnection
 .text.motorsInit
                0x000000000800ae98      0x1c0 bin/motors_f405.o
                0x000000000800ae98                motorsInit
 .text.motorsSetRatio
                0x000000000800b058       0x34 bin/motors_f405.o
                0x000000000800b058                motorsSetRatio
 .text.motorsTest
                0x000000000800b08c       0x3c bin/motors_f405.o
                0x000000000800b08c                motorsTest
 .text.i2cdevReleaseSemaphoreI2C1
                0x000000000800b0c8       0x28 bin/i2cdev_f405.o
 .text.i2cdevReleaseSemaphoreI2C3
                0x000000000800b0f0       0x28 bin/i2cdev_f405.o
 .text.i2cdevReadTransfer.part.0
                0x000000000800b118       0x54 bin/i2cdev_f405.o
 .text.i2cdevWriteTransfer.part.1
                0x000000000800b16c       0x54 bin/i2cdev_f405.o
 .text.i2cdevRuffLoopDelay.constprop.2
                0x000000000800b1c0       0x14 bin/i2cdev_f405.o
 .text.i2cdevInit
                0x000000000800b1d4       0x98 bin/i2cdev_f405.o
                0x000000000800b1d4                i2cdevInit
 .text.i2cdevRead
                0x000000000800b26c       0x48 bin/i2cdev_f405.o
                0x000000000800b26c                i2cdevRead
 .text.i2cdevReadByte
                0x000000000800b2b4       0x10 bin/i2cdev_f405.o
                0x000000000800b2b4                i2cdevReadByte
 .text.i2cdevReadBits
                0x000000000800b2c4       0x2e bin/i2cdev_f405.o
                0x000000000800b2c4                i2cdevReadBits
 .text.i2cdevReadBit
                0x000000000800b2f2       0x22 bin/i2cdev_f405.o
                0x000000000800b2f2                i2cdevReadBit
 .text.i2cdevRead16
                0x000000000800b314       0x3a bin/i2cdev_f405.o
                0x000000000800b314                i2cdevRead16
 .text.i2cdevWrite
                0x000000000800b34e       0x4c bin/i2cdev_f405.o
                0x000000000800b34e                i2cdevWrite
 .text.i2cdevWriteByte
                0x000000000800b39a       0x14 bin/i2cdev_f405.o
                0x000000000800b39a                i2cdevWriteByte
 .text.i2cdevWriteBit
                0x000000000800b3ae       0x3c bin/i2cdev_f405.o
                0x000000000800b3ae                i2cdevWriteBit
 .text.i2cdevWriteBits
                0x000000000800b3ea       0x54 bin/i2cdev_f405.o
                0x000000000800b3ea                i2cdevWriteBits
 .text.i2cdevWrite16
                0x000000000800b43e       0x3a bin/i2cdev_f405.o
                0x000000000800b43e                i2cdevWrite16
 .text.i2cdevUnlockBus
                0x000000000800b478       0xb6 bin/i2cdev_f405.o
                0x000000000800b478                i2cdevUnlockBus
 *fill*         0x000000000800b52e        0x2 
 .text.CPAL_I2C_ERR_UserCallback
                0x000000000800b530       0x14 bin/i2cdev_f405.o
                0x000000000800b530                CPAL_I2C_ERR_UserCallback
 .text.CPAL_I2C_TXTC_UserCallback
                0x000000000800b544       0x20 bin/i2cdev_f405.o
                0x000000000800b544                CPAL_I2C_TXTC_UserCallback
 .text.CPAL_I2C_RXTC_UserCallback
                0x000000000800b564       0x20 bin/i2cdev_f405.o
                0x000000000800b564                CPAL_I2C_RXTC_UserCallback
 .text.fillLed  0x000000000800b584       0x5c bin/ws2812.o
 .text.ws2812Init
                0x000000000800b5e0      0x158 bin/ws2812.o
                0x000000000800b5e0                ws2812Init
 .text.ws2812Send
                0x000000000800b738       0x84 bin/ws2812.o
                0x000000000800b738                ws2812Send
 .text.ws2812DmaIsr
                0x000000000800b7bc       0xc4 bin/ws2812.o
                0x000000000800b7bc                ws2812DmaIsr
 .text.lps25hInit
                0x000000000800b880       0x2c bin/lps25h.o
                0x000000000800b880                lps25hInit
 .text.lps25hTestConnection
                0x000000000800b8ac       0x40 bin/lps25h.o
                0x000000000800b8ac                lps25hTestConnection
 .text.lps25hEvaluateSelfTest
                0x000000000800b8ec       0x5c bin/lps25h.o
                0x000000000800b8ec                lps25hEvaluateSelfTest
 .text.lps25hSetEnabled
                0x000000000800b948       0x5c bin/lps25h.o
                0x000000000800b948                lps25hSetEnabled
 *fill*         0x000000000800b9a4        0x4 
 .text.lps25hPressureToAltitude
                0x000000000800b9a8       0x7c bin/lps25h.o
                0x000000000800b9a8                lps25hPressureToAltitude
 .text.lps25hGetData
                0x000000000800ba24       0x80 bin/lps25h.o
                0x000000000800ba24                lps25hGetData
 .text.lps25hSelfTest
                0x000000000800baa4       0x6c bin/lps25h.o
                0x000000000800baa4                lps25hSelfTest
 .text.ak8963EvaluateSelfTest
                0x000000000800bb10       0x30 bin/ak8963.o
 .text.ak8963Init
                0x000000000800bb40       0x14 bin/ak8963.o
                0x000000000800bb40                ak8963Init
 .text.ak8963TestConnection
                0x000000000800bb54       0x30 bin/ak8963.o
                0x000000000800bb54                ak8963TestConnection
 .text.ak8963GetDataReady
                0x000000000800bb84       0x30 bin/ak8963.o
                0x000000000800bb84                ak8963GetDataReady
 .text.ak8963GetHeading
                0x000000000800bbb4       0x4c bin/ak8963.o
                0x000000000800bbb4                ak8963GetHeading
 .text.ak8963GetOverflowStatus
                0x000000000800bc00       0x30 bin/ak8963.o
                0x000000000800bc00                ak8963GetOverflowStatus
 .text.ak8963SetMode
                0x000000000800bc30       0x18 bin/ak8963.o
                0x000000000800bc30                ak8963SetMode
 .text.ak8963SetSelfTest
                0x000000000800bc48       0x24 bin/ak8963.o
                0x000000000800bc48                ak8963SetSelfTest
 .text.ak8963SelfTest
                0x000000000800bc6c       0xd4 bin/ak8963.o
                0x000000000800bc6c                ak8963SelfTest
 .text.eepromInit
                0x000000000800bd40       0x24 bin/eeprom.o
                0x000000000800bd40                eepromInit
 .text.eepromTestConnection
                0x000000000800bd64       0x30 bin/eeprom.o
                0x000000000800bd64                eepromTestConnection
 .text.eepromTest
                0x000000000800bd94       0x28 bin/eeprom.o
                0x000000000800bd94                eepromTest
 .text.eepromReadBuffer
                0x000000000800bdbc       0x30 bin/eeprom.o
                0x000000000800bdbc                eepromReadBuffer
 .text.eepromWriteBuffer
                0x000000000800bdec       0x54 bin/eeprom.o
                0x000000000800bdec                eepromWriteBuffer
 .text.uartDmaInit
                0x000000000800be40       0x74 bin/uart_syslink.o
                0x000000000800be40                uartDmaInit
 .text.uartInit
                0x000000000800beb4      0x144 bin/uart_syslink.o
                0x000000000800beb4                uartInit
 .text.uartGetDataWithTimout
                0x000000000800bff8       0x20 bin/uart_syslink.o
                0x000000000800bff8                uartGetDataWithTimout
 .text.uartSendData
                0x000000000800c018       0x28 bin/uart_syslink.o
                0x000000000800c018                uartSendData
 .text.uartPutchar
                0x000000000800c040       0x18 bin/uart_syslink.o
                0x000000000800c040                uartPutchar
 .text.uartSendDataDmaBlocking
                0x000000000800c058       0x84 bin/uart_syslink.o
                0x000000000800c058                uartSendDataDmaBlocking
 .text.uartDmaIsr
                0x000000000800c0dc       0x58 bin/uart_syslink.o
                0x000000000800c0dc                uartDmaIsr
 .text.uartIsr  0x000000000800c134       0x9c bin/uart_syslink.o
                0x000000000800c134                uartIsr
 .text.uartTxenFlowctrlIsr
                0x000000000800c1d0       0xb4 bin/uart_syslink.o
                0x000000000800c1d0                uartTxenFlowctrlIsr
 .text.USBD_USR_Init
                0x000000000800c284        0x2 bin/usbd_usr.o
                0x000000000800c284                USBD_USR_Init
 .text.USBD_USR_DeviceReset
                0x000000000800c286        0x2 bin/usbd_usr.o
                0x000000000800c286                USBD_USR_DeviceReset
 .text.USBD_USR_DeviceConfigured
                0x000000000800c288        0x2 bin/usbd_usr.o
                0x000000000800c288                USBD_USR_DeviceConfigured
 .text.USBD_USR_DeviceSuspended
                0x000000000800c28a        0x2 bin/usbd_usr.o
                0x000000000800c28a                USBD_USR_DeviceSuspended
 .text.USBD_USR_DeviceResumed
                0x000000000800c28c        0x2 bin/usbd_usr.o
                0x000000000800c28c                USBD_USR_DeviceResumed
 .text.USBD_USR_DeviceConnected
                0x000000000800c28e        0x2 bin/usbd_usr.o
                0x000000000800c28e                USBD_USR_DeviceConnected
 .text.USBD_USR_DeviceDisconnected
                0x000000000800c290        0x2 bin/usbd_usr.o
                0x000000000800c290                USBD_USR_DeviceDisconnected
 *fill*         0x000000000800c292        0x2 
 .text.USB_OTG_BSP_Init
                0x000000000800c294       0x90 bin/usb_bsp.o
                0x000000000800c294                USB_OTG_BSP_Init
 .text.USB_OTG_BSP_EnableInterrupt
                0x000000000800c324       0x2c bin/usb_bsp.o
                0x000000000800c324                USB_OTG_BSP_EnableInterrupt
 .text.USB_OTG_BSP_uDelay
                0x000000000800c350       0x14 bin/usb_bsp.o
                0x000000000800c350                USB_OTG_BSP_uDelay
 .text.USB_OTG_BSP_mDelay
                0x000000000800c364        0xa bin/usb_bsp.o
                0x000000000800c364                USB_OTG_BSP_mDelay
 .text.usblinkSetEnable
                0x000000000800c36e        0x4 bin/usblink.o
 *fill*         0x000000000800c372        0x2 
 .text.usblinkTask
                0x000000000800c374       0x3c bin/usblink.o
 .text.usblinkReceiveCRTPPacket
                0x000000000800c3b0       0x2c bin/usblink.o
 .text.usblinkSendPacket
                0x000000000800c3dc       0x50 bin/usblink.o
 .text.usblinkInit
                0x000000000800c42c       0x4c bin/usblink.o
                0x000000000800c42c                usblinkInit
 .text.usblinkGetLink
                0x000000000800c478        0x8 bin/usblink.o
                0x000000000800c478                usblinkGetLink
 .text.USBD_USR_DeviceDescriptor
                0x000000000800c480        0xc bin/usbd_desc.o
                0x000000000800c480                USBD_USR_DeviceDescriptor
 .text.USBD_USR_LangIDStrDescriptor
                0x000000000800c48c        0xc bin/usbd_desc.o
                0x000000000800c48c                USBD_USR_LangIDStrDescriptor
 .text.USBD_USR_ManufacturerStrDescriptor
                0x000000000800c498       0x1c bin/usbd_desc.o
                0x000000000800c498                USBD_USR_ManufacturerStrDescriptor
 .text.USBD_USR_SerialStrDescriptor
                0x000000000800c4b4       0x54 bin/usbd_desc.o
                0x000000000800c4b4                USBD_USR_SerialStrDescriptor
 .text.USBD_USR_ProductStrDescriptor
                0x000000000800c508       0x24 bin/usbd_desc.o
                0x000000000800c508                USBD_USR_ProductStrDescriptor
 .text.USBD_USR_ConfigStrDescriptor
                0x000000000800c52c       0x1c bin/usbd_desc.o
                0x000000000800c52c                USBD_USR_ConfigStrDescriptor
 .text.USBD_USR_InterfaceStrDescriptor
                0x000000000800c548       0x24 bin/usbd_desc.o
                0x000000000800c548                USBD_USR_InterfaceStrDescriptor
 .text.usbd_cf_GetCfgDesc
                0x000000000800c56c        0xc bin/usb.o
 .text.usbd_cf_DataOut
                0x000000000800c578       0x40 bin/usb.o
 .text.usbd_cf_DeInit
                0x000000000800c5b8       0x16 bin/usb.o
 *fill*         0x000000000800c5ce        0x2 
 .text.usbd_cf_Init
                0x000000000800c5d0       0x30 bin/usb.o
 .text.usbd_cf_SOF
                0x000000000800c600       0x38 bin/usb.o
 .text.usbd_cf_DataIn
                0x000000000800c638       0x38 bin/usb.o
 .text.usbd_cf_Setup
                0x000000000800c670       0x24 bin/usb.o
 .text.usbInit  0x000000000800c694       0x58 bin/usb.o
                0x000000000800c694                usbInit
 .text.usbGetDataBlocking
                0x000000000800c6ec       0x20 bin/usb.o
                0x000000000800c6ec                usbGetDataBlocking
 .text.usbSendData
                0x000000000800c70c       0x30 bin/usb.o
                0x000000000800c70c                usbSendData
 .text.nopFunc  0x000000000800c73c        0x4 bin/crtp.o
 .text.crtpRxTask
                0x000000000800c740       0x60 bin/crtp.o
 .text.crtpTxTask
                0x000000000800c7a0       0x30 bin/crtp.o
 .text.crtpInit
                0x000000000800c7d0       0x74 bin/crtp.o
                0x000000000800c7d0                crtpInit
 .text.crtpTest
                0x000000000800c844        0xc bin/crtp.o
                0x000000000800c844                crtpTest
 .text.crtpInitTaskQueue
                0x000000000800c850       0x34 bin/crtp.o
                0x000000000800c850                crtpInitTaskQueue
 .text.crtpReceivePacketBlock
                0x000000000800c884       0x4c bin/crtp.o
                0x000000000800c884                crtpReceivePacketBlock
 .text.crtpGetFreeTxQueuePackets
                0x000000000800c8d0       0x14 bin/crtp.o
                0x000000000800c8d0                crtpGetFreeTxQueuePackets
 .text.crtpRegisterPortCB
                0x000000000800c8e4       0x10 bin/crtp.o
                0x000000000800c8e4                crtpRegisterPortCB
 .text.crtpSendPacket
                0x000000000800c8f4       0x30 bin/crtp.o
                0x000000000800c8f4                crtpSendPacket
 .text.crtpReset
                0x000000000800c924       0x24 bin/crtp.o
                0x000000000800c924                crtpReset
 .text.crtpIsConnected
                0x000000000800c948       0x14 bin/crtp.o
                0x000000000800c948                crtpIsConnected
 .text.crtpSetLink
                0x000000000800c95c       0x30 bin/crtp.o
                0x000000000800c95c                crtpSetLink
 .text.updateActive
                0x000000000800c98c       0x3c bin/ledseq.o
 .text.runLedseq
                0x000000000800c9c8       0xd0 bin/ledseq.o
 .text.ledseqInit
                0x000000000800ca98       0x98 bin/ledseq.o
                0x000000000800ca98                ledseqInit
 .text.ledseqTest
                0x000000000800cb30       0x1c bin/ledseq.o
                0x000000000800cb30                ledseqTest
 .text.ledseqRun
                0x000000000800cb4c       0x78 bin/ledseq.o
                0x000000000800cb4c                ledseqRun
 .text.ledseqSetTimes
                0x000000000800cbc4        0x6 bin/ledseq.o
                0x000000000800cbc4                ledseqSetTimes
 *fill*         0x000000000800cbca        0x2 
 .text.ledseqStop
                0x000000000800cbcc       0x68 bin/ledseq.o
                0x000000000800cbcc                ledseqStop
 .text.vApplicationMallocFailedHook
                0x000000000800cc34       0x28 bin/freeRTOSdebug.o
                0x000000000800cc34                vApplicationMallocFailedHook
 .text.vApplicationStackOverflowHook
                0x000000000800cc5c       0x28 bin/freeRTOSdebug.o
                0x000000000800cc5c                vApplicationStackOverflowHook
 .text.syslinkTask
                0x000000000800cc84      0x100 bin/syslink.o
 .text.syslinkInit
                0x000000000800cd84       0x58 bin/syslink.o
                0x000000000800cd84                syslinkInit
 .text.syslinkTest
                0x000000000800cddc        0xc bin/syslink.o
                0x000000000800cddc                syslinkTest
 .text.syslinkSendPacket
                0x000000000800cde8       0x94 bin/syslink.o
                0x000000000800cde8                syslinkSendPacket
 *fill*         0x000000000800ce7c        0x4 
 .text.imu6Init
                0x000000000800ce80      0x1e0 bin/imu_cf2.o
                0x000000000800ce80                imu6Init
 .text.imu6Test
                0x000000000800d060       0x54 bin/imu_cf2.o
                0x000000000800d060                imu6Test
 .text.imu6Read
                0x000000000800d0b4      0x388 bin/imu_cf2.o
                0x000000000800d0b4                imu6Read
 *fill*         0x000000000800d43c        0x4 
 .text.imu6ManufacturingTest
                0x000000000800d440      0x148 bin/imu_cf2.o
                0x000000000800d440                imu6ManufacturingTest
 .text.imu6IsCalibrated
                0x000000000800d588        0xc bin/imu_cf2.o
                0x000000000800d588                imu6IsCalibrated
 *fill*         0x000000000800d594        0x4 
 .text.imu9Read
                0x000000000800d598       0x90 bin/imu_cf2.o
                0x000000000800d598                imu9Read
 .text.imuHasBarometer
                0x000000000800d628        0xc bin/imu_cf2.o
                0x000000000800d628                imuHasBarometer
 .text.pmSetBatteryVoltage
                0x000000000800d634       0x34 bin/pm_f405.o
 .text.pmInit   0x000000000800d668       0x4c bin/pm_f405.o
                0x000000000800d668                pmInit
 .text.pmTest   0x000000000800d6b4        0xc bin/pm_f405.o
                0x000000000800d6b4                pmTest
 .text.pmSyslinkUpdate
                0x000000000800d6c0       0x1c bin/pm_f405.o
                0x000000000800d6c0                pmSyslinkUpdate
 .text.pmUpdateState
                0x000000000800d6dc       0x40 bin/pm_f405.o
                0x000000000800d6dc                pmUpdateState
 *fill*         0x000000000800d71c        0x4 
 .text.pmTask   0x000000000800d720      0x138 bin/pm_f405.o
                0x000000000800d720                pmTask
 .text.pmIsDischarging
                0x000000000800d858       0x14 bin/pm_f405.o
                0x000000000800d858                pmIsDischarging
 .text.radiolinkSetEnable
                0x000000000800d86c        0x4 bin/radiolink.o
 .text.radiolinkReceiveCRTPPacket
                0x000000000800d870       0x20 bin/radiolink.o
 .text.radiolinkSendCRTPPacket
                0x000000000800d890       0x54 bin/radiolink.o
 .text.radiolinkTest
                0x000000000800d8e4        0x4 bin/radiolink.o
                0x000000000800d8e4                radiolinkTest
 .text.radiolinkSetChannel
                0x000000000800d8e8       0x1e bin/radiolink.o
                0x000000000800d8e8                radiolinkSetChannel
 .text.radiolinkSetDatarate
                0x000000000800d906       0x20 bin/radiolink.o
                0x000000000800d906                radiolinkSetDatarate
 .text.radiolinkSetAddress
                0x000000000800d926       0x2e bin/radiolink.o
                0x000000000800d926                radiolinkSetAddress
 .text.radiolinkInit
                0x000000000800d954       0x58 bin/radiolink.o
                0x000000000800d954                radiolinkInit
 .text.radiolinkSyslinkDispatch
                0x000000000800d9ac       0x68 bin/radiolink.o
                0x000000000800d9ac                radiolinkSyslinkDispatch
 .text.radiolinkGetLink
                0x000000000800da14        0x8 bin/radiolink.o
                0x000000000800da14                radiolinkGetLink
 .text.owSyslinkTransfer
                0x000000000800da1c       0x80 bin/ow.o
 .text.owInit   0x000000000800da9c       0x48 bin/ow.o
                0x000000000800da9c                owInit
 .text.owSyslinkRecieve
                0x000000000800dae4       0x40 bin/ow.o
                0x000000000800dae4                owSyslinkRecieve
 .text.owScan   0x000000000800db24       0x44 bin/ow.o
                0x000000000800db24                owScan
 .text.owGetinfo
                0x000000000800db68       0x58 bin/ow.o
                0x000000000800db68                owGetinfo
 .text.owTest   0x000000000800dbc0       0x9c bin/ow.o
                0x000000000800dbc0                owTest
 .text.owRead   0x000000000800dc5c       0xc8 bin/ow.o
                0x000000000800dc5c                owRead
 .text.owWrite  0x000000000800dd24       0xd0 bin/ow.o
                0x000000000800dd24                owWrite
 .text.systemLaunch
                0x000000000800ddf4       0x28 bin/system.o
                0x000000000800ddf4                systemLaunch
 .text.systemInit
                0x000000000800de1c       0x3c bin/system.o
                0x000000000800de1c                systemInit
 .text.systemTest
                0x000000000800de58       0x20 bin/system.o
                0x000000000800de58                systemTest
 .text.systemStart
                0x000000000800de78       0x14 bin/system.o
                0x000000000800de78                systemStart
 .text.systemTask
                0x000000000800de8c      0x178 bin/system.o
 .text.systemWaitStart
                0x000000000800e004       0x38 bin/system.o
                0x000000000800e004                systemWaitStart
 .text.systemSetCanFly
                0x000000000800e03c        0xc bin/system.o
                0x000000000800e03c                systemSetCanFly
 .text.vApplicationIdleHook
                0x000000000800e048       0x28 bin/system.o
                0x000000000800e048                vApplicationIdleHook
 .text.commInit
                0x000000000800e070       0x3c bin/comm.o
                0x000000000800e070                commInit
 .text.commTest
                0x000000000800e0ac       0x34 bin/comm.o
                0x000000000800e0ac                commTest
 .text.consoleSendMessage
                0x000000000800e0e0       0x1c bin/console.o
 .text.consoleInit
                0x000000000800e0fc       0x3c bin/console.o
                0x000000000800e0fc                consoleInit
 .text.consoleTest
                0x000000000800e138        0xc bin/console.o
                0x000000000800e138                consoleTest
 .text.consolePutchar
                0x000000000800e144       0x78 bin/console.o
                0x000000000800e144                consolePutchar
 .text.pidInit  0x000000000800e1bc       0x2c bin/pid.o
                0x000000000800e1bc                pidInit
 .text.pidUpdate
                0x000000000800e1e8       0x88 bin/pid.o
                0x000000000800e1e8                pidUpdate
 .text.pidSetIntegralLimit
                0x000000000800e270        0x4 bin/pid.o
                0x000000000800e270                pidSetIntegralLimit
 .text.pidReset
                0x000000000800e274        0xc bin/pid.o
                0x000000000800e274                pidReset
 .text.pidSetError
                0x000000000800e280        0x4 bin/pid.o
                0x000000000800e280                pidSetError
 .text.pidSetDesired
                0x000000000800e284        0x4 bin/pid.o
                0x000000000800e284                pidSetDesired
 .text.crtpserviceHandler
                0x000000000800e288       0x16 bin/crtpservice.o
                0x000000000800e288                crtpserviceHandler
 *fill*         0x000000000800e29e        0x2 
 .text.crtpserviceInit
                0x000000000800e2a0       0x20 bin/crtpservice.o
                0x000000000800e2a0                crtpserviceInit
 .text.crtpserviceTest
                0x000000000800e2c0        0xc bin/crtpservice.o
                0x000000000800e2c0                crtpserviceTest
 .text.variableGetIndex
                0x000000000800e2cc       0x38 bin/param.o
 .text.paramInit
                0x000000000800e304       0x8c bin/param.o
                0x000000000800e304                paramInit
 .text.paramTest
                0x000000000800e390        0xc bin/param.o
                0x000000000800e390                paramTest
 .text.paramTOCProcess
                0x000000000800e39c       0xf0 bin/param.o
                0x000000000800e39c                paramTOCProcess
 .text.paramTask
                0x000000000800e48c       0xfc bin/param.o
 .text.memTask  0x000000000800e588      0x198 bin/mem.o
 .text.memInit  0x000000000800e720       0x44 bin/mem.o
                0x000000000800e720                memInit
 .text.memTest  0x000000000800e764        0xc bin/mem.o
                0x000000000800e764                memTest
 .text.platformserviceHandler
                0x000000000800e770       0x32 bin/platformservice.o
                0x000000000800e770                platformserviceHandler
 *fill*         0x000000000800e7a2        0x2 
 .text.platformserviceInit
                0x000000000800e7a4       0x20 bin/platformservice.o
                0x000000000800e7a4                platformserviceInit
 .text.platformserviceTest
                0x000000000800e7c4        0xc bin/platformservice.o
                0x000000000800e7c4                platformserviceTest
 .text.commanderCrtpCB
                0x000000000800e7d0       0x54 bin/commander.o
 .text.commanderInit
                0x000000000800e824       0x40 bin/commander.o
                0x000000000800e824                commanderInit
 .text.commanderTest
                0x000000000800e864       0x10 bin/commander.o
                0x000000000800e864                commanderTest
 .text.commanderWatchdog
                0x000000000800e874       0x60 bin/commander.o
                0x000000000800e874                commanderWatchdog
 .text.commanderGetInactivityTime
                0x000000000800e8d4       0x14 bin/commander.o
                0x000000000800e8d4                commanderGetInactivityTime
 .text.commanderGetRPY
                0x000000000800e8e8       0x24 bin/commander.o
                0x000000000800e8e8                commanderGetRPY
 *fill*         0x000000000800e90c        0x4 
 .text.commanderGetAltHold
                0x000000000800e910       0x78 bin/commander.o
                0x000000000800e910                commanderGetAltHold
 .text.commanderGetRPYType
                0x000000000800e988        0xc bin/commander.o
                0x000000000800e988                commanderGetRPYType
 .text.commanderGetThrust
                0x000000000800e994       0x3c bin/commander.o
                0x000000000800e994                commanderGetThrust
 .text.controllerInit
                0x000000000800e9d0       0xe8 bin/controller.o
                0x000000000800e9d0                controllerInit
 .text.controllerTest
                0x000000000800eab8        0xc bin/controller.o
                0x000000000800eab8                controllerTest
 .text.controllerCorrectRatePID
                0x000000000800eac4       0xe4 bin/controller.o
                0x000000000800eac4                controllerCorrectRatePID
 .text.controllerCorrectAttitudePID
                0x000000000800eba8       0x94 bin/controller.o